Archive member included to satisfy reference by file (symbol)

/opt/ti_tools/arm-2014.05/bin/../lib/gcc/arm-none-linux-gnueabi/4.8.3/libgcc.a(_udivsi3.o)
                              arch/arm/cpu/armv7/built-in.o (__aeabi_uidiv)
/opt/ti_tools/arm-2014.05/bin/../lib/gcc/arm-none-linux-gnueabi/4.8.3/libgcc.a(_divsi3.o)
                              common/built-in.o (__aeabi_idiv)
/opt/ti_tools/arm-2014.05/bin/../lib/gcc/arm-none-linux-gnueabi/4.8.3/libgcc.a(_lshrdi3.o)
                              drivers/mtd/nand/built-in.o (__aeabi_llsr)
/opt/ti_tools/arm-2014.05/bin/../lib/gcc/arm-none-linux-gnueabi/4.8.3/libgcc.a(_ashrdi3.o)
                              drivers/mtd/nand/built-in.o (__aeabi_lasr)
/opt/ti_tools/arm-2014.05/bin/../lib/gcc/arm-none-linux-gnueabi/4.8.3/libgcc.a(_ashldi3.o)
                              drivers/mmc/built-in.o (__aeabi_llsl)
/opt/ti_tools/arm-2014.05/bin/../lib/gcc/arm-none-linux-gnueabi/4.8.3/libgcc.a(_dvmd_lnx.o)
                              /opt/ti_tools/arm-2014.05/bin/../lib/gcc/arm-none-linux-gnueabi/4.8.3/libgcc.a(_udivsi3.o) (__aeabi_idiv0)

Discarded input sections

 .data          0x00000000        0x0 arch/arm/cpu/armv7/start.o
 .bss           0x00000000        0x0 arch/arm/cpu/armv7/start.o
 .text          0x00000000        0x0 board/ti/am335x/built-in.o
 .data          0x00000000        0x0 board/ti/am335x/built-in.o
 .bss           0x00000000        0x0 board/ti/am335x/built-in.o
 .text.mmu_page_table_flush
                0x00000000       0x24 arch/arm/cpu/armv7/built-in.o
 .text.wait_on_value
                0x00000000       0x34 arch/arm/cpu/armv7/built-in.o
 .text.warm_reset
                0x00000000       0x18 arch/arm/cpu/armv7/built-in.o
 .text.setup_warmreset_time
                0x00000000        0x4 arch/arm/cpu/armv7/built-in.o
 .text.do_cancel_out
                0x00000000       0x64 arch/arm/cpu/armv7/built-in.o
 .text.cancel_out
                0x00000000       0xa8 arch/arm/cpu/armv7/built-in.o
 .text.usb_fake_mac_from_die_id
                0x00000000       0x60 arch/arm/cpu/armv7/built-in.o
 .text.save_omap_boot_params
                0x00000000       0x4c arch/arm/cpu/armv7/built-in.o
 .data          0x00000000        0x0 arch/arm/cpu/armv7/built-in.o
 .bss           0x00000000        0x0 arch/arm/cpu/armv7/built-in.o
 .text          0x00000000        0x0 arch/arm/cpu/armv7/am33xx/built-in.o
 .text.get_dpll_mpu_params
                0x00000000        0xc arch/arm/cpu/armv7/am33xx/built-in.o
 .text.get_dpll_core_params
                0x00000000        0xc arch/arm/cpu/armv7/am33xx/built-in.o
 .text.get_dpll_per_params
                0x00000000        0xc arch/arm/cpu/armv7/am33xx/built-in.o
 .text.setup_clocks_for_console
                0x00000000       0x8c arch/arm/cpu/armv7/am33xx/built-in.o
 .text.enable_basic_clocks
                0x00000000       0x60 arch/arm/cpu/armv7/am33xx/built-in.o
 .text.do_setup_dpll
                0x00000000      0x138 arch/arm/cpu/armv7/am33xx/built-in.o
 .text.do_enable_clocks
                0x00000000       0xa4 arch/arm/cpu/armv7/am33xx/built-in.o
 .text.scale_vcores
                0x00000000        0x4 arch/arm/cpu/armv7/am33xx/built-in.o
 .text.prcm_init
                0x00000000       0x74 arch/arm/cpu/armv7/am33xx/built-in.o
 .text.rtc_only_prcm_init
                0x00000000       0x20 arch/arm/cpu/armv7/am33xx/built-in.o
 .text.get_cpu_rev
                0x00000000       0x14 arch/arm/cpu/armv7/am33xx/built-in.o
 .text.get_cpu_type
                0x00000000       0x14 arch/arm/cpu/armv7/am33xx/built-in.o
 .text.get_board_rev
                0x00000000        0x8 arch/arm/cpu/armv7/am33xx/built-in.o
 .text.get_device_type
                0x00000000       0x18 arch/arm/cpu/armv7/am33xx/built-in.o
 .text.get_sysboot_value
                0x00000000       0x18 arch/arm/cpu/armv7/am33xx/built-in.o
 .text.am335x_get_efuse_mpu_max_freq
                0x00000000       0x9c arch/arm/cpu/armv7/am33xx/built-in.o
 .text.am335x_get_tps65910_mpu_vdd
                0x00000000       0x44 arch/arm/cpu/armv7/am33xx/built-in.o
 .text.configure_mr
                0x00000000       0xcc arch/arm/cpu/armv7/am33xx/built-in.o
 .text.config_sdram_emif4d5
                0x00000000      0x1e0 arch/arm/cpu/armv7/am33xx/built-in.o
 .text.config_sdram
                0x00000000       0x84 arch/arm/cpu/armv7/am33xx/built-in.o
 .text.set_sdram_timings
                0x00000000       0x68 arch/arm/cpu/armv7/am33xx/built-in.o
 .text.config_ddr_phy
                0x00000000      0x288 arch/arm/cpu/armv7/am33xx/built-in.o
 .text.config_cmd_ctrl
                0x00000000       0x70 arch/arm/cpu/armv7/am33xx/built-in.o
 .text.config_ddr_data
                0x00000000       0x84 arch/arm/cpu/armv7/am33xx/built-in.o
 .text.config_io_ctrl
                0x00000000       0x3c arch/arm/cpu/armv7/am33xx/built-in.o
 .text.configure_module_pin_mux
                0x00000000       0x28 arch/arm/cpu/armv7/am33xx/built-in.o
[...]
Memory Configuration

Name             Origin             Length             Attributes
*default*        0x00000000         0xffffffff

Linker script and memory map

Address of section .text set to 0x80800000
                0x00000000                . = 0x0
                0x00000000                . = ALIGN (0x4)

.text           0x80800000    0x4b82c
 *(.__image_copy_start)
 .__image_copy_start
                0x80800000        0x0 arch/arm/lib/built-in.o
                0x80800000                __image_copy_start
 *(.vectors)
 .vectors       0x80800000      0x300 arch/arm/lib/built-in.o
                0x80800000                _start
                0x80800024                _undefined_instruction
                0x80800028                _software_interrupt
                0x8080002c                _prefetch_abort
                0x80800030                _data_abort
                0x80800034                _not_used
                0x80800038                _irq
                0x8080003c                _fiq
                0x80800040                IRQ_STACK_START_IN
 arch/arm/cpu/armv7/start.o(.text*)
 .text          0x80800300       0x90 arch/arm/cpu/armv7/start.o
                0x80800300                reset
                0x80800338                c_runtime_cpu_setup
                0x80800354                cpu_init_cp15
 board/ti/am335x/built-in.o(.text*)
 .text.cpsw_control
                0x80800390        0x4 board/ti/am335x/built-in.o
 .text.board_init
                0x80800394       0x24 board/ti/am335x/built-in.o
                0x80800394                board_init
 .text.board_late_init
                0x808003b8       0x74 board/ti/am335x/built-in.o
                0x808003b8                board_late_init
 .text.board_eth_init
                0x8080042c      0x2e0 board/ti/am335x/built-in.o
                0x8080042c                board_eth_init
 *(.text*)
 .text          0x8080070c       0x24 arch/arm/cpu/armv7/built-in.o
                0x8080070c                save_boot_params
                0x80800718                set_pl310_ctrl_reg
 .text.v7_maint_dcache_all
                0x80800730       0xd4 arch/arm/cpu/armv7/built-in.o
 .text.v7_dcache_inval_range
                0x80800804       0x80 arch/arm/cpu/armv7/built-in.o
 .text.invalidate_icache_all
                0x80800884       0x18 arch/arm/cpu/armv7/built-in.o
                0x80800884                invalidate_icache_all
 .text.v7_outer_cache_enable
                0x8080089c        0x4 arch/arm/cpu/armv7/built-in.o
                0x8080089c                v7_outer_cache_enable
 .text.v7_outer_cache_disable
                0x808008a0        0x4 arch/arm/cpu/armv7/built-in.o
                0x808008a0                v7_outer_cache_disable
 .text.v7_outer_cache_flush_all
                0x808008a4        0x4 arch/arm/cpu/armv7/built-in.o
                0x808008a4                v7_outer_cache_flush_all
 .text.flush_dcache_all
                0x808008a8       0x14 arch/arm/cpu/armv7/built-in.o
                0x808008a8                flush_dcache_all
 .text.v7_outer_cache_inval_all
                0x808008bc        0x4 arch/arm/cpu/armv7/built-in.o
                0x808008bc                v7_outer_cache_inval_all
 .text.invalidate_dcache_all
                0x808008c0       0x14 arch/arm/cpu/armv7/built-in.o
                0x808008c0                invalidate_dcache_all
 .text.arm_init_before_mmu
                0x808008d4       0x28 arch/arm/cpu/armv7/built-in.o
                0x808008d4                arm_init_before_mmu
 .text.v7_outer_cache_flush_range
                0x808008fc        0x4 arch/arm/cpu/armv7/built-in.o
                0x808008fc                v7_outer_cache_flush_range
 .text.flush_dcache_range
                0x80800900       0x3c arch/arm/cpu/armv7/built-in.o
                0x80800900                flush_dcache_range
 .text.flush_cache
                0x8080093c        0x8 arch/arm/cpu/armv7/built-in.o
                0x8080093c                flush_cache
 .text.v7_outer_cache_inval_range
                0x80800944        0x4 arch/arm/cpu/armv7/built-in.o
                0x80800944                v7_outer_cache_inval_range
 .text.invalidate_dcache_range
                0x80800948       0x3c arch/arm/cpu/armv7/built-in.o
                0x80800948                invalidate_dcache_range
 .text.cpu_cache_initialization
                0x80800984        0x4 arch/arm/cpu/armv7/built-in.o
                0x80800984                cpu_cache_initialization
 .text.cleanup_before_linux
                0x80800988       0x28 arch/arm/cpu/armv7/built-in.o
                0x80800988                cleanup_before_linux
 .text.sdelay   0x808009b0        0xc arch/arm/cpu/armv7/built-in.o
                0x808009b0                sdelay
 .text.reset_cpu
                0x808009bc       0x14 arch/arm/cpu/armv7/built-in.o
                0x808009bc                reset_cpu
 .text.timer_init
                0x808009d0       0x3c arch/arm/cpu/armv7/built-in.o
                0x808009d0                timer_init
 .text.__udelay
                0x80800a0c       0x44 arch/arm/cpu/armv7/built-in.o
                0x80800a0c                __udelay
 .text.get_timer_masked
                0x80800a50       0x3c arch/arm/cpu/armv7/built-in.o
                0x80800a50                get_timer_masked
 .text.get_timer
                0x80800a8c       0x14 arch/arm/cpu/armv7/built-in.o
                0x80800a8c                get_timer
 .text.get_ticks
                0x80800aa0       0x10 arch/arm/cpu/armv7/built-in.o
                0x80800aa0                get_ticks
 .text.get_tbclk
                0x80800ab0        0x8 arch/arm/cpu/armv7/built-in.o
                0x80800ab0                get_tbclk
 .text.enable_caches
                0x80800ab8        0x4 arch/arm/cpu/armv7/built-in.o
                0x80800ab8                enable_caches
 .text.dram_bank_mmu_setup
                0x80800abc       0x3c arch/arm/cpu/armv7/built-in.o
                0x80800abc                dram_bank_mmu_setup
 .text.arm_init_domains
                0x80800af8       0x14 arch/arm/cpu/armv7/built-in.o
                0x80800af8                arm_init_domains
 .text.enable_gpmc_cs_config
                0x80800b0c       0x74 arch/arm/cpu/armv7/built-in.o
                0x80800b0c                enable_gpmc_cs_config
 .text.gpmc_init
                0x80800b80       0xb8 arch/arm/cpu/armv7/built-in.o
                0x80800b80                gpmc_init
 .text.dram_init
                0x80800c38       0x20 arch/arm/cpu/armv7/am33xx/built-in.o
                0x80800c38                dram_init
 .text.dram_init_banksize
                0x80800c58       0x1c arch/arm/cpu/armv7/am33xx/built-in.o
                0x80800c58                dram_init_banksize
 .text.am33xx_otg1_set_phy_power
                0x80800c74       0x28 arch/arm/cpu/armv7/am33xx/built-in.o
 .text.am33xx_otg0_set_phy_power
                0x80800c9c       0x28 arch/arm/cpu/armv7/am33xx/built-in.o
 .text.cpu_mmc_init
                0x80800cc4       0x24 arch/arm/cpu/armv7/am33xx/built-in.o
                0x80800cc4                cpu_mmc_init
 .text.arch_misc_init
                0x80800ce8       0x44 arch/arm/cpu/armv7/am33xx/built-in.o
                0x80800ce8                arch_misc_init
 .text          0x80800d2c       0xe8 arch/arm/lib/built-in.o
                0x80800d2c                _main
                0x80800db0                relocate_code
 .text.arch_fixup_memory_node
                0x80800e14       0x38 arch/arm/lib/built-in.o
                0x80800e14                arch_fixup_memory_node
 .text.boot_jump_linux
                0x80800e4c       0xb8 arch/arm/lib/built-in.o
 .text.arch_lmb_reserve
                0x80800f04       0x24 arch/arm/lib/built-in.o
                0x80800f04                arch_lmb_reserve
 .text.setup_board_tags
                0x80800f28        0x4 arch/arm/lib/built-in.o
                0x80800f28                setup_board_tags
 .text.boot_prep_linux
                0x80800f2c      0x178 arch/arm/lib/built-in.o
 .text.do_bootm_linux
                0x808010a4       0x60 arch/arm/lib/built-in.o
                0x808010a4                do_bootm_linux
 .text.bootz_setup
                0x80801104       0x60 arch/arm/lib/built-in.o
                0x80801104                bootz_setup
 .text.boot_prep_vxworks
                0x80801164       0x4c arch/arm/lib/built-in.o
                0x80801164                boot_prep_vxworks
 .text.boot_jump_vxworks
                0x808011b0       0x14 arch/arm/lib/built-in.o
                0x808011b0                boot_jump_vxworks
 .text.interrupt_init
                0x808011c4       0x1c arch/arm/lib/built-in.o
                0x808011c4                interrupt_init
 .text.enable_interrupts
                0x808011e0        0x4 arch/arm/lib/built-in.o
                0x808011e0                enable_interrupts
 .text.disable_interrupts
                0x808011e4        0x8 arch/arm/lib/built-in.o
                0x808011e4                disable_interrupts
 .text.bad_mode
                0x808011ec       0x10 arch/arm/lib/built-in.o
                0x808011ec                bad_mode
 .text.show_regs
                0x808011fc      0x13c arch/arm/lib/built-in.o
                0x808011fc                show_regs
 .text.do_undefined_instruction
                0x80801338       0x20 arch/arm/lib/built-in.o
                0x80801338                do_undefined_instruction
 .text.do_software_interrupt
                0x80801358       0x20 arch/arm/lib/built-in.o
                0x80801358                do_software_interrupt
 .text.do_prefetch_abort
                0x80801378       0x20 arch/arm/lib/built-in.o
                0x80801378                do_prefetch_abort
 .text.do_data_abort
                0x80801398       0x20 arch/arm/lib/built-in.o
                0x80801398                do_data_abort
 .text.do_not_used
                0x808013b8       0x20 arch/arm/lib/built-in.o
                0x808013b8                do_not_used
 .text.do_fiq   0x808013d8       0x20 arch/arm/lib/built-in.o
                0x808013d8                do_fiq
 .text.do_irq   0x808013f8       0x20 arch/arm/lib/built-in.o
                0x808013f8                do_irq
 .text.do_reset
                0x80801418       0x2c arch/arm/lib/built-in.o
                0x80801418                do_reset
 .text.cp_delay
                0x80801444       0x30 arch/arm/lib/built-in.o
 .text.set_section_dcache
                0x80801474       0x14 arch/arm/lib/built-in.o
                0x80801474                set_section_dcache
 .text.icache_disable
                0x80801488       0x1c arch/arm/lib/built-in.o
                0x80801488                icache_disable
 .text.dcache_enable
                0x808014a4       0x70 arch/arm/lib/built-in.o
                0x808014a4                dcache_enable
 .text.dcache_disable
                0x80801514       0x28 arch/arm/lib/built-in.o
                0x80801514                dcache_disable
 .text.__show_boot_progress
                0x8080153c        0x4 common/built-in.o
                0x8080153c                __show_boot_progress
                0x8080153c                show_boot_progress
 .text.main_loop
                0x80801540       0x34 common/built-in.o
                0x80801540                main_loop
 .text.find_cmd_tbl
                0x80801574       0xa4 common/built-in.o
                0x80801574                find_cmd_tbl
 .text.find_cmd
                0x80801618       0x28 common/built-in.o
                0x80801618                find_cmd
 .text.cmd_usage
                0x80801640       0x5c common/built-in.o
                0x80801640                cmd_usage
 .text._do_help
                0x8080169c      0x184 common/built-in.o
                0x8080169c                _do_help
 .text.var_complete
                0x80801820       0x80 common/built-in.o
                0x80801820                var_complete
 .text.cmd_auto_complete
                0x808018a0      0x4b8 common/built-in.o
                0x808018a0                cmd_auto_complete
 .text.cmd_get_data_size
                0x80801d58       0x5c common/built-in.o
                0x80801d58                cmd_get_data_size
 .text.cmd_process
                0x80801db4       0xe8 common/built-in.o
                0x80801db4                cmd_process
 .text.dummy    0x80801e9c        0x4 common/built-in.o
 .text.get_version
                0x80801ea0        0x8 common/built-in.o
                0x80801ea0                get_version
 .text.jumptable_init
                0x80801ea8      0x1d0 common/built-in.o
                0x80801ea8                jumptable_init
 .text.hash_finish_crc32
                0x80802078       0x30 common/built-in.o
 .text.hash_update_crc32
                0x808020a8       0x24 common/built-in.o
 .text.hash_init_crc32
                0x808020cc       0x24 common/built-in.o
 .text.hash_finish_sha256
                0x808020f0       0x38 common/built-in.o
 .text.hash_update_sha256
                0x80802128       0x1c common/built-in.o
 .text.hash_init_sha256
                0x80802144       0x24 common/built-in.o
 .text.hash_lookup_algo
                0x80802168       0x58 common/built-in.o
                0x80802168                hash_lookup_algo
 .text.hash_show
                0x808021c0       0x58 common/built-in.o
                0x808021c0                hash_show
 .text.hash_command
                0x80802218      0x170 common/built-in.o
                0x80802218                hash_command
 .text.b_reset  0x80802388       0x1c common/built-in.o
 .text.static_get
                0x808023a4       0x1c common/built-in.o
 .text.static_peek
                0x808023c0        0xc common/built-in.o
 .text.file_peek
                0x808023cc        0xc common/built-in.o
 .text.mapset   0x808023d8       0x20 common/built-in.o
 .text.syntax_err
                0x808023f8        0xc common/built-in.o
 .text.free_pipe_list
                0x80802404       0xf0 common/built-in.o
 .text.xmalloc  0x808024f4       0x20 common/built-in.o
 .text.new_pipe
                0x80802514       0x28 common/built-in.o
 .text.xrealloc
                0x8080253c       0x20 common/built-in.o
 .text.done_command
                0x8080255c       0x8c common/built-in.o
 .text.done_pipe
                0x808025e8       0x48 common/built-in.o
 .text.done_word
                0x80802630      0x2d8 common/built-in.o
 .text.do_showvar
                0x80802908       0xf0 common/built-in.o
 .text.is_assignment
                0x808029f8       0x54 common/built-in.o
 .text.file_get
                0x80802a4c      0x1d0 common/built-in.o
 .text.b_addchr
                0x80802c1c       0x78 common/built-in.o
 .text.b_addqchr
                0x80802c94       0x50 common/built-in.o
 .text.get_local_var
                0x80802ce4       0x94 common/built-in.o
                0x80802ce4                get_local_var
 .text.set_local_var
                0x80802d78      0x1a8 common/built-in.o
                0x80802d78                set_local_var
 .text.insert_var_value_sub
                0x80802f20      0x2a8 common/built-in.o
 .text.parse_string_outer
                0x808031c8       0xe4 common/built-in.o
                0x808031c8                parse_string_outer
 .text.run_list_real
                0x808032ac      0x7ec common/built-in.o
 .text.parse_stream_outer
                0x80803a98      0x6c4 common/built-in.o
 .text.parse_file_outer
                0x8080415c       0x44 common/built-in.o
                0x8080415c                parse_file_outer
 .text.u_boot_hush_start
                0x808041a0       0x54 common/built-in.o
                0x808041a0                u_boot_hush_start
 .text.run_command
                0x808041f4        0x8 common/built-in.o
                0x808041f4                run_command
 .text.run_command_list
                0x808041fc       0x5c common/built-in.o
                0x808041fc                run_command_list
 .text.do_run   0x80804258       0x74 common/built-in.o
                0x80804258                do_run
 .text.cli_loop
                0x808042cc        0xc common/built-in.o
                0x808042cc                cli_loop
 .text.cli_init
                0x808042d8        0x4 common/built-in.o
                0x808042d8                cli_init
 .text.delete_char.part.0
                0x808042dc       0xd0 common/built-in.o
 .text.cread_add_char
                0x808043ac       0xe8 common/built-in.o
 .text.cli_readline_into_buffer
                0x80804494      0x9c8 common/built-in.o
                0x80804494                cli_readline_into_buffer
 .text.cli_readline
                0x80804e5c       0x14 common/built-in.o
                0x80804e5c                cli_readline
 .text.hex1_bin
                0x80804e70       0x40 common/built-in.o
 .text.hex2_bin
                0x80804eb0       0x38 common/built-in.o
 .text.srec_decode
                0x80804ee8      0x254 common/built-in.o
                0x80804ee8                srec_decode
 .text.CYGACC_COMM_IF_GETC_TIMEOUT.isra.0
                0x8080513c       0x4c common/built-in.o
 .text.xyzModem_flush
                0x80805188       0x1c common/built-in.o
 .text.xyzModem_get_hdr
                0x808051a4      0x230 common/built-in.o
 .text.xyzModem_stream_open
                0x808053d4      0x248 common/built-in.o
                0x808053d4                xyzModem_stream_open
 .text.xyzModem_stream_read
                0x8080561c      0x24c common/built-in.o
                0x8080561c                xyzModem_stream_read
 .text.xyzModem_stream_close
                0x80805868       0x54 common/built-in.o
                0x80805868                xyzModem_stream_close
 .text.xyzModem_stream_terminate
                0x808058bc       0x94 common/built-in.o
                0x808058bc                xyzModem_stream_terminate
 .text.xyzModem_error
                0x80805950       0x20 common/built-in.o
                0x80805950                xyzModem_error
 .text.common_diskboot
                0x80805970      0x2b8 common/built-in.o
                0x80805970                common_diskboot
 .text.bootdelay_process
                0x80805c28       0xac common/built-in.o
                0x80805c28                bootdelay_process
 .text.autoboot_command
                0x80805cd4       0xd8 common/built-in.o
                0x80805cd4                autoboot_command
 .text.print_cpuinfo
                0x80805dac        0x8 common/built-in.o
 .text.trace_early_init
                0x80805db4        0x8 common/built-in.o
 .text.display_text_info
                0x80805dbc        0x8 common/built-in.o
 .text.setup_mon_len
                0x80805dc4       0x20 common/built-in.o
 .text.arch_cpu_init
                0x80805de4        0x8 common/built-in.o
                0x80805de4                arch_cpu_init
 .text.reserve_round_4k
                0x80805dec       0x18 common/built-in.o
 .text.reserve_mmu
                0x80805e04       0x38 common/built-in.o
 .text.reserve_trace
                0x80805e3c        0x8 common/built-in.o
 .text.reserve_uboot
                0x80805e44       0x30 common/built-in.o
 .text.reserve_malloc
                0x80805e74       0x18 common/built-in.o
 .text.setup_machine
                0x80805e8c       0x14 common/built-in.o
 .text.reserve_global_data
                0x80805ea0       0x1c common/built-in.o
 .text.reserve_fdt
                0x80805ebc       0x4c common/built-in.o
 .text.reserve_stacks
                0x80805f08       0x34 common/built-in.o
 .text.display_new_sp
                0x80805f3c        0x8 common/built-in.o
 .text.setup_reloc
                0x80805f44       0x2c common/built-in.o
 .text.reloc_fdt
                0x80805f70       0x30 common/built-in.o
 .text.reserve_board
                0x80805fa0       0x30 common/built-in.o
 .text.announce_dram_init
                0x80805fd0       0x18 common/built-in.o
 .text.init_func_i2c
                0x80805fe8       0x24 common/built-in.o
 .text.init_baud_rate
                0x8080600c       0x2c common/built-in.o
 .text.setup_fdt
                0x80806038       0x28 common/built-in.o
 .text.mark_bootstage
                0x80806060       0x14 common/built-in.o
 .text.__coloured_LED_init
                0x80806074        0x4 common/built-in.o
                0x80806074                coloured_LED_init
                0x80806074                __coloured_LED_init
 .text.__red_led_on
                0x80806078        0x4 common/built-in.o
                0x80806078                __red_led_on
                0x80806078                red_led_on
 .text.__board_add_ram_info
                0x8080607c        0x4 common/built-in.o
                0x8080607c                __board_add_ram_info
                0x8080607c                board_add_ram_info
 .text.show_dram_config
                0x80806080       0x34 common/built-in.o
 .text.setup_dram_config
                0x808060b4       0x10 common/built-in.o
 .text.board_get_usable_ram_top
                0x808060c4        0x8 common/built-in.o
                0x808060c4                board_get_usable_ram_top
 .text.setup_dest_addr
                0x808060cc       0x40 common/built-in.o
 .text.board_init_f
                0x8080610c       0x4c common/built-in.o
                0x8080610c                board_init_f
 .text.bootstage_relocate
                0x80806158        0x8 common/built-in.o
 .text.initr_trace
                0x80806160        0x8 common/built-in.o
 .text.initr_reloc_global_data
                0x80806168       0x28 common/built-in.o
 .text.initr_barrier
                0x80806190        0x8 common/built-in.o
 .text.power_init_board
                0x80806198        0x8 common/built-in.o
                0x80806198                power_init_board
 .text.initr_announce
                0x808061a0        0x8 common/built-in.o
 .text.initr_nand
                0x808061a8       0x1c common/built-in.o
                0x808061a8                initr_nand
 .text.initr_mmc
                0x808061c4       0x20 common/built-in.o
                0x808061c4                initr_mmc
 .text.run_main_loop
                0x808061e4        0xc common/built-in.o
 .text.initr_net
                0x808061f0       0x20 common/built-in.o
 .text.initr_ethaddr
                0x80806210       0x20 common/built-in.o
 .text.initr_enable_interrupts
                0x80806230       0x10 common/built-in.o
 .text.initr_jumptable
                0x80806240       0x10 common/built-in.o
 .text.initr_env
                0x80806250       0x30 common/built-in.o
 .text.initr_malloc
                0x80806280       0x24 common/built-in.o
 .text.initr_serial
                0x808062a4       0x10 common/built-in.o
 .text.initr_caches
                0x808062b4       0x10 common/built-in.o
 .text.initr_reloc
                0x808062c4       0x20 common/built-in.o
 .text.__cpu_secondary_init_r
                0x808062e4        0x4 common/built-in.o
                0x808062e4                cpu_secondary_init_r
                0x808062e4                __cpu_secondary_init_r
 .text.initr_secondary_cpu
                0x808062e8       0x10 common/built-in.o
 .text.board_init_r
                0x808062f8       0x18 common/built-in.o
                0x808062f8                board_init_r
 .text.do_go_exec
                0x80806310       0x18 common/built-in.o
                0x80806310                do_go_exec
 .text.do_go    0x80806328       0x70 common/built-in.o
 .text.do_bootm
                0x80806398      0x100 common/built-in.o
                0x80806398                do_bootm
 .text.do_bootd
                0x80806498       0x20 common/built-in.o
                0x80806498                do_bootd
 .text.image_info
                0x808064b8      0x128 common/built-in.o
 .text.do_iminfo
                0x808065e0       0x60 common/built-in.o
 .text.bootm_maybe_autostart
                0x80806640       0x78 common/built-in.o
                0x80806640                bootm_maybe_autostart
 .text.do_bootz
                0x808066b8       0xf8 common/built-in.o
                0x808066b8                do_bootz
 .text.bootm_find_ramdisk_fdt
                0x808067b0       0xa8 common/built-in.o
                0x808067b0                bootm_find_ramdisk_fdt
 .text.bootm_disable_interrupts
                0x80806858       0x18 common/built-in.o
                0x80806858                bootm_disable_interrupts
 .text.do_bootm_states
                0x80806870      0x994 common/built-in.o
                0x80806870                do_bootm_states
 .text.copy_args
                0x80807204       0x50 common/built-in.o
 .text.do_bootm_rtems
                0x80807254       0x50 common/built-in.o
 .text.do_bootm_plan9
                0x808072a4       0xb4 common/built-in.o
 .text.do_bootm_standalone
                0x80807358       0x64 common/built-in.o
 .text.do_bootm_netbsd
                0x808073bc      0x104 common/built-in.o
 .text.do_bootvx_fdt
                0x808074c0      0x10c common/built-in.o
                0x808074c0                do_bootvx_fdt
 .text.do_bootm_vxworks
                0x808075cc       0x34 common/built-in.o
 .text.__arch_preboot_os
                0x80807600        0x4 common/built-in.o
                0x80807600                arch_preboot_os
 .text.boot_selected_os
                0x80807604       0x5c common/built-in.o
                0x80807604                boot_selected_os
 .text.bootm_os_get_boot_func
                0x80807660       0x10 common/built-in.o
                0x80807660                bootm_os_get_boot_func
 .text.do_help  0x80807670       0x48 common/built-in.o
 .text.do_version
                0x808076b8       0x38 common/built-in.o
 .text.env_attr_walk
                0x808076f0      0x110 common/built-in.o
                0x808076f0                env_attr_walk
 .text.env_attr_lookup
                0x80807800      0x184 common/built-in.o
                0x80807800                env_attr_lookup
 .text.clear_callback
                0x80807984       0x10 common/built-in.o
 .text.find_env_callback
                0x80807994       0x64 common/built-in.o
 .text.on_callbacks
                0x808079f8       0x48 common/built-in.o
 .text.set_callback
                0x80807a40       0x94 common/built-in.o
 .text.env_callback_init
                0x80807ad4       0xc4 common/built-in.o
                0x80807ad4                env_callback_init
 .text.skip_num
                0x80807b98       0x74 common/built-in.o
 .text.clear_flags
                0x80807c0c       0x10 common/built-in.o
 .text.on_flags
                0x80807c1c       0x48 common/built-in.o
 .text.env_flags_parse_vartype
                0x80807c64       0x50 common/built-in.o
                0x80807c64                env_flags_parse_vartype
 .text.env_flags_parse_varaccess
                0x80807cb4       0x58 common/built-in.o
                0x80807cb4                env_flags_parse_varaccess
 .text.set_flags
                0x80807d0c       0xac common/built-in.o
 .text.env_flags_init
                0x80807db8       0xd8 common/built-in.o
                0x80807db8                env_flags_init
 .text.env_flags_validate
                0x80807e90      0x308 common/built-in.o
                0x80807e90                env_flags_validate
 .text.env_init
                0x80808198       0x1c common/built-in.o
                0x80808198                env_init
 .text.writeenv
                0x808081b4       0xc0 common/built-in.o
                0x808081b4                writeenv
 .text.erase_and_write_env
                0x80808274       0x88 common/built-in.o
 .text.saveenv  0x808082fc       0xbc common/built-in.o
                0x808082fc                saveenv
 .text.readenv  0x808083b8       0xd0 common/built-in.o
                0x808083b8                readenv
 .text.env_relocate_spec
                0x80808488      0x1e0 common/built-in.o
                0x80808488                env_relocate_spec
 .text.source   0x80808668      0x1c8 common/built-in.o
                0x80808668                source
 .text.do_source
                0x80808830       0x74 common/built-in.o
                0x80808830                do_source
 .text.print_num
                0x808088a4       0x18 common/built-in.o
 .text.do_bdinfo
                0x808088bc      0x17c common/built-in.o
                0x808088bc                do_bdinfo
 .text.do_coninfo
                0x80808a38       0xbc common/built-in.o
 .text.do_echo  0x80808af4       0xb0 common/built-in.o
 .text.eeprom_read
                0x80808ba4       0x78 common/built-in.o
                0x80808ba4                eeprom_read
 .text.eeprom_write
                0x80808c1c       0x78 common/built-in.o
                0x80808c1c                eeprom_write
 .text.do_eeprom
                0x80808c94      0x120 common/built-in.o
                0x80808c94                do_eeprom
 .text.do_exit  0x80808db4       0x30 common/built-in.o
 .text.do_ext4_load
                0x80808de4       0x18 common/built-in.o
                0x80808de4                do_ext4_load
 .text.do_ext4_ls
                0x80808dfc       0x18 common/built-in.o
                0x80808dfc                do_ext4_ls
 .text.do_ext2ls
                0x80808e14       0x18 common/built-in.o
                0x80808e14                do_ext2ls
 .text.do_ext2load
                0x80808e2c       0x18 common/built-in.o
                0x80808e2c                do_ext2load
 .text.do_fat_fsload
                0x80808e44       0x18 common/built-in.o
                0x80808e44                do_fat_fsload
 .text.do_fat_ls
                0x80808e5c       0x18 common/built-in.o
 .text.do_fat_fsinfo
                0x80808e74       0x90 common/built-in.o
 .text.do_fat_fswrite
                0x80808f04       0xfc common/built-in.o
 .text.fdt_valid
                0x80809000       0xbc common/built-in.o
 .text.is_printable_string
                0x808090bc       0x88 common/built-in.o
 .text.print_data
                0x80809144      0x170 common/built-in.o
 .text.set_working_fdt_addr
                0x808092b4       0x1c common/built-in.o
                0x808092b4                set_working_fdt_addr
 .text.do_fdt   0x808092d0      0xe80 common/built-in.o
 .text.get_cells_len
                0x8080a150       0x3c common/built-in.o
 .text.fdt_find_or_add_subnode.constprop.6
                0x8080a18c       0x6c common/built-in.o
 .text.fdt_find_and_setprop
                0x8080a1f8       0x70 common/built-in.o
                0x8080a1f8                fdt_find_and_setprop
 .text.fdt_initrd
                0x8080a268      0x1cc common/built-in.o
                0x8080a268                fdt_initrd
 .text.fdt_chosen
                0x8080a434       0xa4 common/built-in.o
                0x8080a434                fdt_chosen
 .text.do_fixup_by_path
                0x8080a4d8       0x54 common/built-in.o
                0x8080a4d8                do_fixup_by_path
 .text.fdt_fixup_memory_banks
                0x8080a52c      0x190 common/built-in.o
                0x8080a52c                fdt_fixup_memory_banks
 .text.fdt_fixup_memory
                0x8080a6bc       0x24 common/built-in.o
                0x8080a6bc                fdt_fixup_memory
 .text.fdt_fixup_ethernet
                0x8080a6e0      0x158 common/built-in.o
                0x8080a6e0                fdt_fixup_ethernet
 .text.fdt_resize
                0x8080a838       0xd0 common/built-in.o
                0x8080a838                fdt_resize
 .text.do_load_wrapper
                0x8080a908       0x18 common/built-in.o
                0x8080a908                do_load_wrapper
 .text.do_ls_wrapper
                0x8080a920       0x18 common/built-in.o
                0x8080a920                do_ls_wrapper
 .text.name_to_gpio
                0x8080a938        0xc common/built-in.o
                0x8080a938                name_to_gpio
 .text.do_gpio  0x8080a944      0x138 common/built-in.o
 .text.get_alen
                0x8080aa7c       0x3c common/built-in.o
 .text.do_i2c_bus_num
                0x8080aab8       0xb8 common/built-in.o
                0x8080aab8                do_i2c_bus_num
 .text.do_i2c   0x8080ab70       0x5c common/built-in.o
 .text.do_i2c_reset
                0x8080abcc       0x30 common/built-in.o
 .text.do_i2c_mw
                0x8080abfc       0xec common/built-in.o
 .text.do_i2c_read
                0x8080ace8       0xb0 common/built-in.o
 .text.do_i2c_probe
                0x8080ad98       0x9c common/built-in.o
 .text.do_i2c_md
                0x8080ae34      0x1d4 common/built-in.o
 .text.do_i2c_crc
                0x8080b008      0x114 common/built-in.o
 .text.do_i2c_show_bus
                0x8080b11c       0xdc common/built-in.o
                0x8080b11c                do_i2c_show_bus
 .text.do_i2c_bus_speed
                0x8080b1f8       0x74 common/built-in.o
 .text.do_i2c_write
                0x8080b26c       0xf0 common/built-in.o
 .text.do_i2c_loop
                0x8080b35c       0xd8 common/built-in.o
 .text.mod_i2c_mem.isra.4
                0x8080b434      0x1e4 common/built-in.o
 .text.do_i2c_nm
                0x8080b618        0x8 common/built-in.o
 .text.do_i2c_mm
                0x8080b620        0x8 common/built-in.o
 .text.i2c_init_board
                0x8080b628        0x4 common/built-in.o
                0x8080b628                i2c_init_board
 .text.evalexp  0x8080b62c       0x74 common/built-in.o
 .text.evalstr  0x8080b6a0       0x6c common/built-in.o
 .text.binary_test
                0x8080b70c      0x1b4 common/built-in.o
 .text.do_itest
                0x8080b8c0       0x98 common/built-in.o
 .text.bin_data_init
                0x8080b958       0x2c common/built-in.o
 .text.k_data_save
                0x8080b984       0x4c common/built-in.o
 .text.k_data_restore
                0x8080b9d0       0x4c common/built-in.o
 .text.getcxmodem
                0x8080ba1c       0x20 common/built-in.o
 .text.load_serial_ymodem
                0x8080ba3c       0xcc common/built-in.o
 .text.bin_data_char
                0x8080bb08       0x2c common/built-in.o
 .text.chk1.constprop.1
                0x8080bb34       0x2c common/built-in.o
 .text.s1_sendpacket.constprop.2
                0x8080bb60       0x50 common/built-in.o
 .text.load_serial
                0x8080bbb0      0x1f8 common/built-in.o
 .text.do_load_serial
                0x8080bda8       0xdc common/built-in.o
 .text.do_load_serial_bin
                0x8080be84      0x794 common/built-in.o
 .text.do_mem_mw
                0x8080c618       0xc0 common/built-in.o
 .text.do_mem_loop
                0x8080c6d8      0x104 common/built-in.o
 .text.do_mem_md
                0x8080c7dc       0xe8 common/built-in.o
 .text.do_mem_base
                0x8080c8c4       0x40 common/built-in.o
 .text.do_mem_cp
                0x8080c904       0xe8 common/built-in.o
 .text.do_mem_cmp
                0x8080c9ec      0x17c common/built-in.o
 .text.do_mem_crc
                0x8080cb68       0x4c common/built-in.o
 .text.mod_mem.isra.2
                0x8080cbb4      0x168 common/built-in.o
 .text.do_mem_mm
                0x8080cd1c        0x8 common/built-in.o
 .text.do_mem_nm
                0x8080cd24        0x8 common/built-in.o
 .text.miiphy_get_dev_by_name
                0x8080cd2c       0x5c common/built-in.o
                0x8080cd2c                miiphy_get_dev_by_name
 .text.miiphy_init
                0x8080cd88       0x24 common/built-in.o
                0x8080cd88                miiphy_init
 .text.mdio_alloc
                0x8080cdac       0x30 common/built-in.o
                0x8080cdac                mdio_alloc
 .text.mdio_register
                0x8080cddc       0x8c common/built-in.o
                0x8080cddc                mdio_register
 .text.mdio_list_devices
                0x8080ce68       0x9c common/built-in.o
                0x8080ce68                mdio_list_devices
 .text.miiphy_set_current_dev
                0x8080cf04       0x40 common/built-in.o
                0x8080cf04                miiphy_set_current_dev
 .text.miiphy_get_active_dev
                0x8080cf44       0x54 common/built-in.o
 .text.mdio_get_current_dev
                0x8080cf98       0x10 common/built-in.o
                0x8080cf98                mdio_get_current_dev
 .text.mdio_phydev_for_ethname
                0x8080cfa8       0x8c common/built-in.o
                0x8080cfa8                mdio_phydev_for_ethname
 .text.miiphy_get_current_dev
                0x8080d034       0x18 common/built-in.o
                0x8080d034                miiphy_get_current_dev
 .text.miiphy_read
                0x8080d04c       0x4c common/built-in.o
                0x8080d04c                miiphy_read
 .text.miiphy_write
                0x8080d098       0x40 common/built-in.o
                0x8080d098                miiphy_write
 .text.miiphy_listdev
                0x8080d0d8       0x74 common/built-in.o
                0x8080d0d8                miiphy_listdev
 .text.miiphy_info
                0x8080d14c       0x88 common/built-in.o
                0x8080d14c                miiphy_info
 .text.miiphy_is_1000base_x
                0x8080d1d4       0x44 common/built-in.o
                0x8080d1d4                miiphy_is_1000base_x
 .text.miiphy_speed
                0x8080d218       0xe8 common/built-in.o
                0x8080d218                miiphy_speed
 .text.miiphy_duplex
                0x8080d300      0x11c common/built-in.o
                0x8080d300                miiphy_duplex
 .text.extract_range
                0x8080d41c       0xe0 common/built-in.o
 .text.do_mii   0x8080d4fc      0x7a4 common/built-in.o
 .text.do_mdio  0x8080dca0      0x4c0 common/built-in.o
 .text.do_sleep
                0x8080e160       0x70 common/built-in.o
 .text.do_mmcops
                0x8080e1d0       0xb4 common/built-in.o
 .text.init_mmc_device
                0x8080e284       0x54 common/built-in.o
 .text.do_mmc_rescan
                0x8080e2d8       0x24 common/built-in.o
 .text.do_mmc_list
                0x8080e2fc       0x14 common/built-in.o
 .text.do_mmc_dev
                0x8080e310      0x134 common/built-in.o
 .text.do_mmc_part
                0x8080e444       0x5c common/built-in.o
 .text.do_mmc_erase
                0x8080e4a0       0xe8 common/built-in.o
 .text.do_mmc_write
                0x8080e588      0x100 common/built-in.o
 .text.do_mmc_read
                0x8080e688       0xec common/built-in.o
 .text.do_mmcinfo
                0x8080e774      0x170 common/built-in.o
 .text.do_mmc_setdsr
                0x8080e8e4       0xb0 common/built-in.o
 .text.part_delall
                0x8080e994       0x44 common/built-in.o
 .text.memsize_parse
                0x8080e9d8       0x80 common/built-in.o
 .text.mtd_part_info
                0x8080ea58       0x98 common/built-in.o
 .text.memsize_format
                0x8080eaf0       0x98 common/built-in.o
 .text.index_partitions
                0x8080eb88       0xb4 common/built-in.o
 .text.current_save
                0x8080ec3c       0xbc common/built-in.o
 .text.part_sort_add
                0x8080ecf8      0x11c common/built-in.o
 .text.device_del
                0x8080ee14       0x7c common/built-in.o
 .text.generate_mtdparts_save.constprop.7
                0x8080ee90      0x2fc common/built-in.o
 .text.device_delall.constprop.9
                0x8080f18c       0x64 common/built-in.o
 .text.mtd_devices_init
                0x8080f1f0       0x2c common/built-in.o
 .text.get_mtd_info.constprop.10
                0x8080f21c       0x7c common/built-in.o
 .text.part_validate
                0x8080f298      0x384 common/built-in.o
 .text.device_find
                0x8080f61c       0x50 common/built-in.o
                0x8080f61c                device_find
 .text.device_parse
                0x8080f66c      0x520 common/built-in.o
 .text.mtd_id_parse
                0x8080fb8c      0x110 common/built-in.o
                0x8080fb8c                mtd_id_parse
 .text.find_dev_and_part
                0x8080fc9c      0x1c0 common/built-in.o
                0x8080fc9c                find_dev_and_part
 .text.mtdparts_init
                0x8080fe5c      0x664 common/built-in.o
                0x8080fe5c                mtdparts_init
 .text.do_chpart
                0x808104c0       0xd4 common/built-in.o
 .text.do_mtdparts
                0x80810594      0x5a0 common/built-in.o
 .text.set_dev  0x80810b34       0x70 common/built-in.o
 .text.nand_print_and_set_info
                0x80810ba4       0xbc common/built-in.o
 .text.arg_off  0x80810c60      0x110 common/built-in.o
 .text.arg_off_size
                0x80810d70      0x14c common/built-in.o
 .text.do_nand  0x80810ebc      0xc48 common/built-in.o
 .text.nand_load_image
                0x80811b04      0x230 common/built-in.o
 .text.do_nandboot
                0x80811d34      0x254 common/built-in.o
 .text.netboot_common
                0x80811f88      0x2cc common/built-in.o
 .text.do_bootp
                0x80812254        0xc common/built-in.o
 .text.do_dhcp  0x80812260        0xc common/built-in.o
 .text.do_nfs   0x8081226c        0xc common/built-in.o
 .text.do_tftpb
                0x80812278       0x40 common/built-in.o
                0x80812278                do_tftpb
 .text.do_ping  0x808122b8       0x74 common/built-in.o
 .text.do_part_uuid
                0x8081232c       0x78 common/built-in.o
                0x8081232c                do_part_uuid
 .text.do_part_list
                0x808123a4       0x3c common/built-in.o
                0x808123a4                do_part_list
 .text.do_part  0x808123e0       0x6c common/built-in.o
                0x808123e0                do_part
 .text.bytes_per_second
                0x8081244c       0x50 common/built-in.o
 .text.do_spi_flash
                0x8081249c      0x750 common/built-in.o
 .text.do_spi   0x80812bec      0x264 common/built-in.o
                0x80812bec                do_spi
 .text.do_false
                0x80812e50        0x8 common/built-in.o
 .text.do_true  0x80812e58        0x8 common/built-in.o
 .text.do_test  0x80812e60      0x350 common/built-in.o
 .text.usb_get_class_desc
                0x808131b0       0xbc common/built-in.o
 .text.usb_display_class_sub
                0x8081326c      0x180 common/built-in.o
 .text.usb_find_device
                0x808133ec       0x3c common/built-in.o
 .text.usb_show_tree_graph
                0x80813428      0x218 common/built-in.o
 .text.usb_display_string
                0x80813640       0x44 common/built-in.o
 .text.usb_display_config
                0x80813684      0x214 common/built-in.o
 .text.do_usbboot
                0x80813898        0xc common/built-in.o
 .text.usb_display_desc.part.1
                0x808138a4      0x12c common/built-in.o
 .text.do_usb   0x808139d0      0x770 common/built-in.o
 .text.usb_set_maxpacket_ep
                0x80814140       0x68 common/built-in.o
 .text.usb_stop
                0x808141a8       0x5c common/built-in.o
                0x808141a8                usb_stop
 .text.usb_disable_asynch
                0x80814204       0x20 common/built-in.o
                0x80814204                usb_disable_asynch
 .text.usb_control_msg
                0x80814224       0xc0 common/built-in.o
                0x80814224                usb_control_msg
 .text.usb_get_descriptor
                0x808142e4       0x50 common/built-in.o
 .text.usb_get_string
                0x80814334       0x6c common/built-in.o
 .text.usb_string_sub
                0x808143a0      0x10c common/built-in.o
 .text.usb_bulk_msg
                0x808144ac       0x6c common/built-in.o
                0x808144ac                usb_bulk_msg
 .text.usb_maxpacket
                0x80814518       0x1c common/built-in.o
                0x80814518                usb_maxpacket
 .text.usb_clear_halt
                0x80814534       0x90 common/built-in.o
                0x80814534                usb_clear_halt
 .text.usb_get_configuration_no
                0x808145c4       0xbc common/built-in.o
                0x808145c4                usb_get_configuration_no
 .text.usb_set_interface
                0x80814680       0xb0 common/built-in.o
                0x80814680                usb_set_interface
 .text.usb_string
                0x80814730      0x104 common/built-in.o
                0x80814730                usb_string
 .text.usb_get_dev_index
                0x80814834       0x24 common/built-in.o
                0x80814834                usb_get_dev_index
 .text.usb_alloc_new_device
                0x80814858       0x8c common/built-in.o
                0x80814858                usb_alloc_new_device
 .text.usb_free_device
                0x808148e4       0x48 common/built-in.o
                0x808148e4                usb_free_device
 .text.usb_alloc_device
                0x8081492c        0x8 common/built-in.o
                0x8081492c                usb_alloc_device
 .text.usb_new_device
                0x80814934      0x614 common/built-in.o
                0x80814934                usb_new_device
 .text.usb_init
                0x80814f48      0x118 common/built-in.o
                0x80814f48                usb_init
 .text.board_usb_init
                0x80815060        0x8 common/built-in.o
                0x80815060                board_usb_init
 .text.board_usb_cleanup
                0x80815068        0x8 common/built-in.o
                0x80815068                board_usb_cleanup
 .text.usb_set_port_feature
                0x80815070       0x4c common/built-in.o
 .text.usb_get_port_status
                0x808150bc       0x4c common/built-in.o
 .text.usb_clear_port_feature
                0x80815108       0x4c common/built-in.o
 .text.usb_hub_power_on
                0x80815154       0xb4 common/built-in.o
 .text.usb_get_hub_descriptor
                0x80815208       0x50 common/built-in.o
 .text.usb_hub_reset_devices
                0x80815258        0x4 common/built-in.o
                0x80815258                usb_hub_reset_devices
 .text.usb_hub_reset
                0x8081525c       0x14 common/built-in.o
                0x8081525c                usb_hub_reset
 .text.hub_port_reset
                0x80815270       0xac common/built-in.o
                0x80815270                hub_port_reset
 .text.usb_hub_port_connect_change
                0x8081531c      0x120 common/built-in.o
                0x8081531c                usb_hub_port_connect_change
 .text.usb_hub_configure
                0x8081543c      0x2d8 common/built-in.o
 .text.usb_hub_probe
                0x80815714       0x58 common/built-in.o
                0x80815714                usb_hub_probe
 .text.usb_stor_irq
                0x8081576c       0x1c common/built-in.o
 .text.usb_stor_BBB_reset
                0x80815788       0xd4 common/built-in.o
 .text.usb_stor_CB_reset
                0x8081585c       0xcc common/built-in.o
 .text.usb_stor_BBB_clear_endpt_stall.isra.2
                0x80815928       0x40 common/built-in.o
 .text.usb_stor_BBB_transport
                0x80815968      0x25c common/built-in.o
 .text.usb_stor_CB_comdat
                0x80815bc4      0x1f4 common/built-in.o
 .text.usb_stor_CBI_get_status.isra.4
                0x80815db8       0xc4 common/built-in.o
 .text.usb_stor_CB_transport
                0x80815e7c      0x220 common/built-in.o
 .text.usb_request_sense.constprop.9
                0x8081609c       0x70 common/built-in.o
 .text.usb_stor_write
                0x8081610c      0x19c common/built-in.o
                0x8081610c                usb_stor_write
 .text.usb_stor_read
                0x808162a8      0x19c common/built-in.o
                0x808162a8                usb_stor_read
 .text.usb_stor_get_dev
                0x80816444       0x28 common/built-in.o
                0x80816444                usb_stor_get_dev
 .text.usb_stor_info
                0x8081646c       0x74 common/built-in.o
                0x8081646c                usb_stor_info
 .text.usb_storage_probe
                0x808164e0      0x200 common/built-in.o
                0x808164e0                usb_storage_probe
 .text.usb_stor_get_info
                0x808166e0      0x31c common/built-in.o
                0x808166e0                usb_stor_get_info
 .text.usb_stor_scan
                0x808169fc      0x1e4 common/built-in.o
                0x808169fc                usb_stor_scan
 .text.do_imgextract
                0x80816be0      0x3d8 common/built-in.o
 .text.do_dfu   0x80816fb8      0x104 common/built-in.o
 .text.extract_val
                0x808170bc       0x9c common/built-in.o
 .text.extract_env
                0x80817158       0xc0 common/built-in.o
 .text.do_gpt   0x80817218      0x440 common/built-in.o
 .text.do_env_delete
                0x80817658       0xa4 common/built-in.o
 .text.do_env_save
                0x808176fc       0x2c common/built-in.o
 .text.do_env   0x80817728       0x5c common/built-in.o
 .text.env_print
                0x80817784       0xc0 common/built-in.o
 .text.do_env_print
                0x80817844       0xc8 common/built-in.o
 .text.do_env_import
                0x8081790c      0x280 common/built-in.o
 .text.do_env_default
                0x80817b8c       0xb8 common/built-in.o
 .text._do_env_set.isra.1
                0x80817c44      0x1c4 common/built-in.o
 .text.do_env_set
                0x80817e08       0x1c common/built-in.o
 .text.do_env_ask
                0x80817e24      0x154 common/built-in.o
                0x80817e24                do_env_ask
 .text.get_env_id
                0x80817f78       0x10 common/built-in.o
                0x80817f78                get_env_id
 .text.setenv   0x80817f88       0x58 common/built-in.o
                0x80817f88                setenv
 .text.setenv_ulong
                0x80817fe0       0x20 common/built-in.o
                0x80817fe0                setenv_ulong
 .text.setenv_hex
                0x80818000       0x34 common/built-in.o
                0x80818000                setenv_hex
 .text.do_env_export
                0x80818034      0x274 common/built-in.o
 .text.envmatch
                0x808182a8       0x70 common/built-in.o
                0x808182a8                envmatch
 .text.getenv_f
                0x80818318       0xc8 common/built-in.o
                0x80818318                getenv_f
 .text.getenv   0x808183e0       0x80 common/built-in.o
                0x808183e0                getenv
 .text.getenv_hex
                0x80818460       0x3c common/built-in.o
                0x80818460                getenv_hex
 .text.getenv_ulong
                0x8081849c       0x30 common/built-in.o
                0x8081849c                getenv_ulong
 .text.do_env_edit
                0x808184cc       0x74 common/built-in.o
 .text.__env_get_char_spec
                0x80818540        0xc common/built-in.o
                0x80818540                env_get_char_spec
 .text.env_get_addr
                0x8081854c       0x20 common/built-in.o
                0x8081854c                env_get_addr
 .text.env_get_char_memory
                0x8081856c       0x10 common/built-in.o
                0x8081856c                env_get_char_memory
 .text.env_get_char
                0x8081857c       0x30 common/built-in.o
                0x8081857c                env_get_char
 .text.getenv_yesno
                0x808185ac       0x48 common/built-in.o
                0x808185ac                getenv_yesno
 .text.getenv_default
                0x808185f4       0x30 common/built-in.o
                0x808185f4                getenv_default
 .text.set_default_env
                0x80818624       0xc0 common/built-in.o
                0x80818624                set_default_env
 .text.set_default_vars
                0x808186e4       0x3c common/built-in.o
                0x808186e4                set_default_vars
 .text.env_import
                0x80818720       0xe4 common/built-in.o
                0x80818720                env_import
 .text.env_export
                0x80818804       0xa4 common/built-in.o
                0x80818804                env_export
 .text.env_relocate
                0x808188a8       0x30 common/built-in.o
                0x808188a8                env_relocate
 .text.env_complete
                0x808188d8       0xdc common/built-in.o
                0x808188d8                env_complete
 .text.console_setfile
                0x808189b4       0xa0 common/built-in.o
 .text.fgetc    0x80818a54       0x2c common/built-in.o
                0x80818a54                fgetc
 .text.ftstc    0x80818a80       0x2c common/built-in.o
                0x80818a80                ftstc
 .text.fputc    0x80818aac       0x28 common/built-in.o
                0x80818aac                fputc
 .text.getc     0x80818ad4       0x24 common/built-in.o
                0x80818ad4                getc
 .text.tstc     0x80818af8       0x24 common/built-in.o
                0x80818af8                tstc
 .text.putc     0x80818b1c       0x28 common/built-in.o
                0x80818b1c                putc
 .text.puts     0x80818b44       0x3c common/built-in.o
                0x80818b44                puts
 .text.printf   0x80818b80       0x4c common/built-in.o
                0x80818b80                printf
 .text.vprintf  0x80818bcc       0x40 common/built-in.o
                0x80818bcc                vprintf
 .text.ctrlc    0x80818c0c       0x58 common/built-in.o
                0x80818c0c                ctrlc
 .text.confirm_yesno
                0x80818c64       0xd4 common/built-in.o
                0x80818c64                confirm_yesno
 .text.had_ctrlc
                0x80818d38       0x10 common/built-in.o
                0x80818d38                had_ctrlc
 .text.clear_ctrlc
                0x80818d48       0x14 common/built-in.o
                0x80818d48                clear_ctrlc
 .text.search_device
                0x80818d5c       0x28 common/built-in.o
                0x80818d5c                search_device
 .text.console_assign
                0x80818d84       0x44 common/built-in.o
                0x80818d84                console_assign
 .text.on_console
                0x80818dc8       0xb8 common/built-in.o
 .text.console_init_f
                0x80818e80       0x10 common/built-in.o
                0x80818e80                console_init_f
 .text.console_init_r
                0x80818e90       0xd0 common/built-in.o
                0x80818e90                console_init_r
 .text.sbrk     0x80818f60       0x70 common/built-in.o
                0x80818f60                sbrk
 .text.mem_malloc_init
                0x80818fd0       0x34 common/built-in.o
                0x80818fd0                mem_malloc_init
 .text.malloc_trim
                0x80819004       0xcc common/built-in.o
                0x80819004                malloc_trim
 .text.free     0x808190d0      0x230 common/built-in.o
                0x808190d0                free
 .text.malloc   0x80819300      0x5dc common/built-in.o
                0x80819300                malloc
 .text.calloc   0x808198dc       0xdc common/built-in.o
                0x808198dc                calloc
 .text.realloc  0x808199b8      0x4c0 common/built-in.o
                0x808199b8                realloc
 .text.memalign
                0x80819e78      0x10c common/built-in.o
                0x80819e78                memalign
 .text.on_loadaddr
                0x80819f84       0x38 common/built-in.o
 .text.image_check_hcrc
                0x80819fbc       0x4c common/built-in.o
                0x80819fbc                image_check_hcrc
 .text.image_check_dcrc
                0x8081a008       0x38 common/built-in.o
                0x8081a008                image_check_dcrc
 .text.image_multi_count
                0x8081a040       0x1c common/built-in.o
                0x8081a040                image_multi_count
 .text.image_multi_getimg
                0x8081a05c       0x80 common/built-in.o
                0x8081a05c                image_multi_getimg
 .text.getenv_bootm_low
                0x8081a0dc       0x30 common/built-in.o
                0x8081a0dc                getenv_bootm_low
 .text.getenv_bootm_size
                0x8081a10c       0x5c common/built-in.o
                0x8081a10c                getenv_bootm_size
 .text.getenv_bootm_mapsize
                0x8081a168       0x30 common/built-in.o
                0x8081a168                getenv_bootm_mapsize
 .text.memmove_wd
                0x8081a198       0x58 common/built-in.o
                0x8081a198                memmove_wd
 .text.genimg_print_size
                0x8081a1f0       0x30 common/built-in.o
                0x8081a1f0                genimg_print_size
 .text.genimg_print_time
                0x8081a220       0x48 common/built-in.o
                0x8081a220                genimg_print_time
 .text.get_table_entry_name
                0x8081a268       0x2c common/built-in.o
                0x8081a268                get_table_entry_name
 .text.genimg_get_os_name
                0x8081a294       0x18 common/built-in.o
                0x8081a294                genimg_get_os_name
 .text.genimg_get_arch_name
                0x8081a2ac       0x18 common/built-in.o
                0x8081a2ac                genimg_get_arch_name
 .text.genimg_get_type_name
                0x8081a2c4       0x18 common/built-in.o
                0x8081a2c4                genimg_get_type_name
 .text.genimg_get_comp_name
                0x8081a2dc       0x18 common/built-in.o
                0x8081a2dc                genimg_get_comp_name
 .text.image_print_contents
                0x8081a2f4      0x188 common/built-in.o
                0x8081a2f4                image_print_contents
 .text.get_table_entry_id
                0x8081a47c       0x50 common/built-in.o
                0x8081a47c                get_table_entry_id
 .text.genimg_get_os_id
                0x8081a4cc       0x18 common/built-in.o
                0x8081a4cc                genimg_get_os_id
 .text.genimg_get_arch_id
                0x8081a4e4       0x18 common/built-in.o
                0x8081a4e4                genimg_get_arch_id
 .text.genimg_get_type_id
                0x8081a4fc       0x18 common/built-in.o
                0x8081a4fc                genimg_get_type_id
 .text.genimg_get_comp_id
                0x8081a514       0x18 common/built-in.o
                0x8081a514                genimg_get_comp_id
 .text.genimg_get_format
                0x8081a52c       0x38 common/built-in.o
                0x8081a52c                genimg_get_format
 .text.genimg_get_image
                0x8081a564        0x4 common/built-in.o
                0x8081a564                genimg_get_image
 .text.genimg_has_config
                0x8081a568       0x10 common/built-in.o
                0x8081a568                genimg_has_config
 .text.boot_get_ramdisk
                0x8081a578      0x338 common/built-in.o
                0x8081a578                boot_get_ramdisk
 .text.boot_ramdisk_high
                0x8081a8b0      0x128 common/built-in.o
                0x8081a8b0                boot_ramdisk_high
 .text.image_setup_linux
                0x8081a9d8       0x8c common/built-in.o
                0x8081a9d8                image_setup_linux
 .text.fdt_error
                0x8081aa64       0x2c common/built-in.o
 .text.boot_fdt_add_mem_rsv_regions
                0x8081aa90       0x88 common/built-in.o
                0x8081aa90                boot_fdt_add_mem_rsv_regions
 .text.boot_relocate_fdt
                0x8081ab18      0x194 common/built-in.o
                0x8081ab18                boot_relocate_fdt
 .text.boot_get_fdt
                0x8081acac      0x384 common/built-in.o
                0x8081acac                boot_get_fdt
 .text.ft_verify_fdt
                0x8081b030        0x8 common/built-in.o
                0x8081b030                ft_verify_fdt
 .text.image_setup_libfdt
                0x8081b038       0xd0 common/built-in.o
                0x8081b038                image_setup_libfdt
 .text.fit_parse_conf
                0x8081b108       0x64 common/built-in.o
                0x8081b108                fit_parse_conf
 .text.fit_parse_subimage
                0x8081b16c       0x64 common/built-in.o
                0x8081b16c                fit_parse_subimage
 .text.fit_get_desc
                0x8081b1d0       0x30 common/built-in.o
                0x8081b1d0                fit_get_desc
 .text.fit_get_timestamp
                0x8081b200       0x54 common/built-in.o
                0x8081b200                fit_get_timestamp
 .text.fit_image_get_node
                0x8081b254       0x30 common/built-in.o
                0x8081b254                fit_image_get_node
 .text.fit_image_get_os
                0x8081b284       0x3c common/built-in.o
                0x8081b284                fit_image_get_os
 .text.fit_image_get_arch
                0x8081b2c0       0x3c common/built-in.o
                0x8081b2c0                fit_image_get_arch
 .text.fit_image_get_type
                0x8081b2fc       0x3c common/built-in.o
                0x8081b2fc                fit_image_get_type
 .text.fit_image_get_comp
                0x8081b338       0x3c common/built-in.o
                0x8081b338                fit_image_get_comp
 .text.fit_image_get_load
                0x8081b374       0x38 common/built-in.o
                0x8081b374                fit_image_get_load
 .text.fit_image_get_entry
                0x8081b3ac       0x38 common/built-in.o
                0x8081b3ac                fit_image_get_entry
 .text.fit_image_get_data
                0x8081b3e4       0x40 common/built-in.o
                0x8081b3e4                fit_image_get_data
 .text.fit_image_hash_get_algo
                0x8081b424       0x30 common/built-in.o
                0x8081b424                fit_image_hash_get_algo
 .text.fit_image_hash_get_value
                0x8081b454       0x40 common/built-in.o
                0x8081b454                fit_image_hash_get_value
 .text.fit_image_print_data
                0x8081b494      0x184 common/built-in.o
 .text.fit_image_print
                0x8081b618      0x360 common/built-in.o
                0x8081b618                fit_image_print
 .text.calculate_hash
                0x8081b978       0xfc common/built-in.o
                0x8081b978                calculate_hash
 .text.fit_image_verify
                0x8081ba74      0x218 common/built-in.o
                0x8081ba74                fit_image_verify
 .text.fit_all_image_verify
                0x8081bc8c       0xe4 common/built-in.o
                0x8081bc8c                fit_all_image_verify
 .text.fit_image_check_os
                0x8081bd70       0x34 common/built-in.o
                0x8081bd70                fit_image_check_os
 .text.fit_image_check_arch
                0x8081bda4       0x34 common/built-in.o
                0x8081bda4                fit_image_check_arch
 .text.fit_image_check_type
                0x8081bdd8       0x34 common/built-in.o
                0x8081bdd8                fit_image_check_type
 .text.fit_image_check_comp
                0x8081be0c       0x34 common/built-in.o
                0x8081be0c                fit_image_check_comp
 .text.fit_check_format
                0x8081be40       0x68 common/built-in.o
                0x8081be40                fit_check_format
 .text.fit_conf_get_node
                0x8081bea8       0x68 common/built-in.o
                0x8081bea8                fit_conf_get_node
 .text.fit_conf_get_prop_node
                0x8081bf10       0x2c common/built-in.o
                0x8081bf10                fit_conf_get_prop_node
 .text.fit_conf_print
                0x8081bf3c      0x108 common/built-in.o
                0x8081bf3c                fit_conf_print
 .text.fit_print_contents
                0x8081c044      0x224 common/built-in.o
                0x8081c044                fit_print_contents
 .text.fit_image_select
                0x8081c268       0x6c common/built-in.o
                0x8081c268                fit_image_select
 .text.fit_get_node_from_config
                0x8081c2d4       0x44 common/built-in.o
                0x8081c2d4                fit_get_node_from_config
 .text.fit_image_load
                0x8081c318      0x4a0 common/built-in.o
                0x8081c318                fit_image_load
 .text.get_ram_size
                0x8081c7b8       0xfc common/built-in.o
                0x8081c7b8                get_ram_size
 .text.get_effective_memsize
                0x8081c8b4        0x8 common/built-in.o
                0x8081c8b4                get_effective_memsize
 .text.stdio_get_list
                0x8081c8bc        0xc common/built-in.o
                0x8081c8bc                stdio_get_list
 .text.stdio_get_by_name
                0x8081c8c8       0x4c common/built-in.o
                0x8081c8c8                stdio_get_by_name
 .text.stdio_clone
                0x8081c914       0x40 common/built-in.o
                0x8081c914                stdio_clone
 .text.stdio_register
                0x8081c954       0x3c common/built-in.o
                0x8081c954                stdio_register
 .text.stdio_init
                0x8081c990       0x90 common/built-in.o
                0x8081c990                stdio_init
 .text.print_part_header
                0x8081ca20       0xd4 disk/built-in.o
 .text.get_dev_hwpart
                0x8081caf4       0xa4 disk/built-in.o
                0x8081caf4                get_dev_hwpart
 .text.get_dev  0x8081cb98        0x8 disk/built-in.o
                0x8081cb98                get_dev
 .text.dev_print
                0x8081cba0      0x218 disk/built-in.o
                0x8081cba0                dev_print
 .text.init_part
                0x8081cdb8       0x34 disk/built-in.o
                0x8081cdb8                init_part
 .text.print_part
                0x8081cdec       0x64 disk/built-in.o
                0x8081cdec                print_part
 .text.get_partition_info
                0x8081ce50       0x40 disk/built-in.o
                0x8081ce50                get_partition_info
 .text.get_device
                0x8081ce90      0x118 disk/built-in.o
                0x8081ce90                get_device
 .text.get_device_and_partition
                0x8081cfa8      0x44c disk/built-in.o
                0x8081cfa8                get_device_and_partition
 .text.test_block_type
                0x8081d3f4       0x7c disk/built-in.o
 .text.print_partition_extended
                0x8081d470      0x25c disk/built-in.o
 .text.get_partition_info_extended
                0x8081d6cc      0x334 disk/built-in.o
 .text.test_part_dos
                0x8081da00       0x60 disk/built-in.o
                0x8081da00                test_part_dos
 .text.print_part_dos
                0x8081da60       0x34 disk/built-in.o
                0x8081da60                print_part_dos
 .text.get_partition_info_dos
                0x8081da94       0x24 disk/built-in.o
                0x8081da94                get_partition_info_dos
 .text.print_efiname
                0x8081dab8       0x58 disk/built-in.o
 .text.set_protective_mbr
                0x8081db10       0xc0 disk/built-in.o
 .text.is_gpt_valid
                0x8081dbd0      0x404 disk/built-in.o
 .text.is_pte_valid
                0x8081dfd4       0x58 disk/built-in.o
 .text.print_part_efi
                0x8081e02c      0x278 disk/built-in.o
                0x8081e02c                print_part_efi
 .text.get_partition_info_efi
                0x8081e2a4      0x208 disk/built-in.o
                0x8081e2a4                get_partition_info_efi
 .text.test_part_efi
                0x8081e4ac       0xd8 disk/built-in.o
                0x8081e4ac                test_part_efi
 .text.write_gpt_table
                0x8081e584      0x30c disk/built-in.o
                0x8081e584                write_gpt_table
 .text.gpt_fill_pte
                0x8081e890      0x2a4 disk/built-in.o
                0x8081e890                gpt_fill_pte
 .text.gpt_fill_header
                0x8081eb34      0x19c disk/built-in.o
                0x8081eb34                gpt_fill_header
 .text.gpt_restore
                0x8081ecd0       0xfc disk/built-in.o
                0x8081ecd0                gpt_restore
 .text.bootcount_store
                0x8081edcc       0x50 drivers/built-in.o
                0x8081ede8                bootcount_store
 .text.bootcount_load
                0x8081ee1c       0x50 drivers/built-in.o
                0x8081ee40                bootcount_load
 .text.dfu_write_buffer_drain
                0x8081ee6c       0xa8 drivers/built-in.o
 .text.dfu_reset
                0x8081ef14       0x10 drivers/built-in.o
                0x8081ef14                dfu_reset
 .text.dfu_trigger_reset
                0x8081ef24       0x14 drivers/built-in.o
                0x8081ef24                dfu_trigger_reset
 .text.dfu_free_buf
                0x8081ef38       0x20 drivers/built-in.o
                0x8081ef38                dfu_free_buf
 .text.dfu_get_buf_size
                0x8081ef58       0x10 drivers/built-in.o
                0x8081ef58                dfu_get_buf_size
 .text.dfu_get_buf
                0x8081ef68       0x88 drivers/built-in.o
                0x8081ef68                dfu_get_buf
 .text.dfu_flush
                0x8081eff0       0x9c drivers/built-in.o
                0x8081eff0                dfu_flush
 .text.dfu_write
                0x8081f08c      0x170 drivers/built-in.o
                0x8081f08c                dfu_write
 .text.dfu_read
                0x8081f1fc      0x294 drivers/built-in.o
                0x8081f1fc                dfu_read
 .text.dfu_free_entities
                0x8081f490       0x84 drivers/built-in.o
                0x8081f490                dfu_free_entities
 .text.dfu_config_entities
                0x8081f514      0x244 drivers/built-in.o
                0x8081f514                dfu_config_entities
 .text.dfu_init_env_entities
                0x8081f758       0x90 drivers/built-in.o
                0x8081f758                dfu_init_env_entities
 .text.dfu_get_dev_type
                0x8081f7e8       0x3c drivers/built-in.o
                0x8081f7e8                dfu_get_dev_type
 .text.dfu_get_layout
                0x8081f824       0x3c drivers/built-in.o
                0x8081f824                dfu_get_layout
 .text.dfu_show_entities
                0x8081f860       0x74 drivers/built-in.o
                0x8081f860                dfu_show_entities
 .text.dfu_get_alt_number
                0x8081f8d4       0x10 drivers/built-in.o
                0x8081f8d4                dfu_get_alt_number
 .text.dfu_get_entity
                0x8081f8e4       0x40 drivers/built-in.o
                0x8081f8e4                dfu_get_entity
 .text.mmc_file_op
                0x8081f924      0x144 drivers/built-in.o
 .text.mmc_access_part.isra.0
                0x8081fa68       0x68 drivers/built-in.o
 .text.mmc_block_op
                0x8081fad0      0x1bc drivers/built-in.o
 .text.dfu_write_medium_mmc
                0x8081fc8c       0xb4 drivers/built-in.o
                0x8081fc8c                dfu_write_medium_mmc
 .text.dfu_flush_medium_mmc
                0x8081fd40       0x44 drivers/built-in.o
                0x8081fd40                dfu_flush_medium_mmc
 .text.dfu_read_medium_mmc
                0x8081fd84       0x6c drivers/built-in.o
                0x8081fd84                dfu_read_medium_mmc
 .text.dfu_fill_entity_mmc
                0x8081fdf0      0x2a4 drivers/built-in.o
                0x8081fdf0                dfu_fill_entity_mmc
 .text.dfu_polltimeout_nand
                0x80820094        0x8 drivers/built-in.o
                0x80820094                dfu_polltimeout_nand
 .text.dfu_flush_medium_nand
                0x8082009c       0xd0 drivers/built-in.o
 .text.nand_block_op
                0x8082016c      0x1a0 drivers/built-in.o
 .text.dfu_write_medium_nand
                0x8082030c       0x48 drivers/built-in.o
 .text.dfu_read_medium_nand
                0x80820354       0x50 drivers/built-in.o
 .text.dfu_fill_entity_nand
                0x808203a4      0x1f4 drivers/built-in.o
                0x808203a4                dfu_fill_entity_nand
 .text.dfu_write_medium_ram
                0x80820598       0x9c drivers/built-in.o
 .text.dfu_read_medium_ram
                0x80820634       0xb4 drivers/built-in.o
 .text.dfu_fill_entity_ram
                0x808206e8       0xdc drivers/built-in.o
                0x808206e8                dfu_fill_entity_ram
 .text.GregorianDay
                0x808207c4       0xe4 drivers/built-in.o
                0x808207c4                GregorianDay
 .text.to_tm    0x808208a8      0x100 drivers/built-in.o
                0x808208a8                to_tm
 .text.hw_watchdog_reset
                0x808209a8       0x40 drivers/built-in.o
                0x808209a8                hw_watchdog_reset
 .text.hw_watchdog_init
                0x808209e8       0x8c drivers/built-in.o
                0x808209e8                hw_watchdog_init
 .text.check_gpio
                0x80820a74       0x2c drivers/gpio/built-in.o
 .text._set_gpio_dataout
                0x80820aa0       0x44 drivers/gpio/built-in.o
 .text.gpio_is_valid
                0x80820ae4       0x10 drivers/gpio/built-in.o
                0x80820ae4                gpio_is_valid
 .text.gpio_get_value
                0x80820af4       0x70 drivers/gpio/built-in.o
                0x80820af4                gpio_get_value
 .text.gpio_direction_input
                0x80820b64       0x5c drivers/gpio/built-in.o
                0x80820b64                gpio_direction_input
 .text.gpio_direction_output
                0x80820bc0       0x70 drivers/gpio/built-in.o
                0x80820bc0                gpio_direction_output
 .text.gpio_request
                0x80820c30       0x10 drivers/gpio/built-in.o
                0x80820c30                gpio_request
 .text.gpio_free
                0x80820c40        0x8 drivers/gpio/built-in.o
                0x80820c40                gpio_free
 .text.i2c_get_adapter
                0x80820c48       0x64 drivers/i2c/built-in.o
                0x80820c48                i2c_get_adapter
 .text.i2c_init_bus
                0x80820cac       0x90 drivers/i2c/built-in.o
 .text.i2c_get_bus_num
                0x80820d3c        0x8 drivers/i2c/built-in.o
                0x80820d3c                i2c_get_bus_num
 .text.i2c_set_bus_num
                0x80820d44       0xbc drivers/i2c/built-in.o
                0x80820d44                i2c_set_bus_num
 .text.i2c_init_all
                0x80820e00       0x14 drivers/i2c/built-in.o
                0x80820e00                i2c_init_all
 .text.i2c_probe
                0x80820e14       0x28 drivers/i2c/built-in.o
                0x80820e14                i2c_probe
 .text.i2c_read
                0x80820e3c       0x4c drivers/i2c/built-in.o
                0x80820e3c                i2c_read
 .text.i2c_write
                0x80820e88       0x4c drivers/i2c/built-in.o
                0x80820e88                i2c_write
 .text.i2c_set_bus_speed
                0x80820ed4       0x64 drivers/i2c/built-in.o
                0x80820ed4                i2c_set_bus_speed
 .text.i2c_get_bus_speed
                0x80820f38       0x14 drivers/i2c/built-in.o
                0x80820f38                i2c_get_bus_speed
 .text.__i2c_init
                0x80820f4c       0x14 drivers/i2c/built-in.o
                0x80820f4c                __i2c_init
                0x80820f4c                i2c_init
 .text.omap24_get_base.isra.0
                0x80820f60       0x58 drivers/i2c/built-in.o
 .text.omap24_i2c_setspeed
                0x80820fb8       0xfc drivers/i2c/built-in.o
 .text.wait_for_bb
                0x808210b4       0x7c drivers/i2c/built-in.o
 .text.wait_for_event
                0x80821130       0x7c drivers/i2c/built-in.o
 .text.flush_fifo
                0x808211ac       0x38 drivers/i2c/built-in.o
 .text.omap24_i2c_write
                0x808211e4      0x210 drivers/i2c/built-in.o
 .text.omap24_i2c_read
                0x808213f4      0x1fc drivers/i2c/built-in.o
 .text.omap24_i2c_probe
                0x808215f0       0xd8 drivers/i2c/built-in.o
 .text.omap24_i2c_init
                0x808216c8      0x1e0 drivers/i2c/built-in.o
 .text.mmc_set_ios
                0x808218a8       0x20 drivers/mmc/built-in.o
 .text.mmc_set_capacity
                0x808218c8       0xac drivers/mmc/built-in.o
 .text.board_mmc_getwp
                0x80821974        0x8 drivers/mmc/built-in.o
                0x80821974                board_mmc_getwp
 .text.mmc_getwp
                0x8082197c       0x3c drivers/mmc/built-in.o
                0x8082197c                mmc_getwp
 .text.__board_mmc_getcd
                0x808219b8        0x8 drivers/mmc/built-in.o
                0x808219b8                __board_mmc_getcd
                0x808219b8                board_mmc_getcd
 .text.mmc_send_cmd
                0x808219c0       0x18 drivers/mmc/built-in.o
                0x808219c0                mmc_send_cmd
 .text.mmc_go_idle
                0x808219d8       0x4c drivers/mmc/built-in.o
 .text.mmc_send_op_cond_iter
                0x80821a24       0x80 drivers/mmc/built-in.o
 .text.mmc_send_ext_csd
                0x80821aa4       0x4c drivers/mmc/built-in.o
 .text.mmc_send_status
                0x80821af0       0xcc drivers/mmc/built-in.o
                0x80821af0                mmc_send_status
 .text.mmc_switch.isra.1
                0x80821bbc       0x54 drivers/mmc/built-in.o
 .text.mmc_set_blocklen
                0x80821c10       0x3c drivers/mmc/built-in.o
                0x80821c10                mmc_set_blocklen
 .text.find_mmc_device
                0x80821c4c       0x4c drivers/mmc/built-in.o
                0x80821c4c                find_mmc_device
 .text.mmc_bread
                0x80821c98      0x13c drivers/mmc/built-in.o
 .text.mmc_send_op_cond
                0x80821dd4       0x74 drivers/mmc/built-in.o
                0x80821dd4                mmc_send_op_cond
 .text.mmc_complete_op_cond
                0x80821e48       0x8c drivers/mmc/built-in.o
                0x80821e48                mmc_complete_op_cond
 .text.mmc_switch_part
                0x80821ed4       0x58 drivers/mmc/built-in.o
                0x80821ed4                mmc_switch_part
 .text.mmc_select_hwpart
                0x80821f2c       0x6c drivers/mmc/built-in.o
                0x80821f2c                mmc_select_hwpart
 .text.mmc_getcd
                0x80821f98       0x3c drivers/mmc/built-in.o
                0x80821f98                mmc_getcd
 .text.mmc_set_clock
                0x80821fd4       0x24 drivers/mmc/built-in.o
                0x80821fd4                mmc_set_clock
 .text.mmc_startup
                0x80821ff8      0xb8c drivers/mmc/built-in.o
 .text.mmc_create
                0x80822b84       0xf8 drivers/mmc/built-in.o
                0x80822b84                mmc_create
 .text.mmc_start_init
                0x80822c7c      0x224 drivers/mmc/built-in.o
                0x80822c7c                mmc_start_init
 .text.mmc_init
                0x80822ea0       0x8c drivers/mmc/built-in.o
                0x80822ea0                mmc_init
 .text.mmc_get_dev
                0x80822f2c       0x2c drivers/mmc/built-in.o
                0x80822f2c                mmc_get_dev
 .text.mmc_set_dsr
                0x80822f58        0xc drivers/mmc/built-in.o
                0x80822f58                mmc_set_dsr
 .text.__def_mmc_init
                0x80822f64        0x8 drivers/mmc/built-in.o
                0x80822f64                board_mmc_init
 .text.print_mmc_devices
                0x80822f6c       0x6c drivers/mmc/built-in.o
                0x80822f6c                print_mmc_devices
 .text.get_mmc_num
                0x80822fd8       0x10 drivers/mmc/built-in.o
                0x80822fd8                get_mmc_num
 .text.mmc_initialize
                0x80822fe8       0x78 drivers/mmc/built-in.o
                0x80822fe8                mmc_initialize
 .text.omap_hsmmc_set_ios
                0x80823060      0x118 drivers/mmc/built-in.o
 .text.omap_hsmmc_getwp
                0x80823178       0x1c drivers/mmc/built-in.o
 .text.omap_hsmmc_getcd
                0x80823194       0x1c drivers/mmc/built-in.o
 .text.omap_mmc_setup_gpio_in
                0x808231b0       0x4c drivers/mmc/built-in.o
 .text.mmc_reset_controller_fsm
                0x808231fc       0x9c drivers/mmc/built-in.o
 .text.omap_hsmmc_send_cmd
                0x80823298      0x3e0 drivers/mmc/built-in.o
 .text.mmc_init_stream
                0x80823678       0xa8 drivers/mmc/built-in.o
                0x80823678                mmc_init_stream
 .text.omap_hsmmc_init_setup
                0x80823720      0x154 drivers/mmc/built-in.o
 .text.omap_mmc_init
                0x80823874      0x124 drivers/mmc/built-in.o
                0x80823874                omap_mmc_init
 .text.mmc_berase
                0x80823998      0x190 drivers/mmc/built-in.o
                0x80823998                mmc_berase
 .text.mmc_bwrite
                0x80823b28      0x160 drivers/mmc/built-in.o
                0x80823b28                mmc_bwrite
 .text.add_mtd_device
                0x80823c88       0x9c drivers/mtd/built-in.o
                0x80823c88                add_mtd_device
 .text.get_mtd_device_nm
                0x80823d24       0x6c drivers/mtd/built-in.o
                0x80823d24                get_mtd_device_nm
 .text.mtd_erase
                0x80823d90       0x94 drivers/mtd/built-in.o
                0x80823d90                mtd_erase
 .text.mtd_read
                0x80823e24       0xac drivers/mtd/built-in.o
                0x80823e24                mtd_read
 .text.mtd_write
                0x80823ed0       0xa0 drivers/mtd/built-in.o
                0x80823ed0                mtd_write
 .text.mtd_read_oob
                0x80823f70       0x38 drivers/mtd/built-in.o
                0x80823f70                mtd_read_oob
 .text.mtd_block_isbad
                0x80823fa8       0x4c drivers/mtd/built-in.o
                0x80823fa8                mtd_block_isbad
 .text.mtd_block_markbad
                0x80823ff4       0x60 drivers/mtd/built-in.o
                0x80823ff4                mtd_block_markbad
 .text.nand_register
                0x80824054       0x90 drivers/mtd/nand/built-in.o
                0x80824054                nand_register
 .text.nand_init
                0x808240e4       0x68 drivers/mtd/nand/built-in.o
                0x808240e4                nand_init
 .text.verify_bbt_descr
                0x8082414c      0x13c drivers/mtd/nand/built-in.o
 .text.scan_read_oob
                0x80824288       0xcc drivers/mtd/nand/built-in.o
 .text.check_pattern
                0x80824354       0xa8 drivers/mtd/nand/built-in.o
 .text.create_bbt
                0x808243fc      0x2d8 drivers/mtd/nand/built-in.o
 .text.scan_read
                0x808246d4       0x58 drivers/mtd/nand/built-in.o
 .text.read_bbt
                0x8082472c      0x20c drivers/mtd/nand/built-in.o
 .text.read_abs_bbt
                0x80824938       0xcc drivers/mtd/nand/built-in.o
 .text.write_bbt
                0x80824a04      0x638 drivers/mtd/nand/built-in.o
 .text.search_bbt
                0x8082503c      0x18c drivers/mtd/nand/built-in.o
 .text.nand_update_bbt
                0x808251c8      0x124 drivers/mtd/nand/built-in.o
                0x808251c8                nand_update_bbt
 .text.mark_bbt_region
                0x808252ec      0x184 drivers/mtd/nand/built-in.o
 .text.nand_scan_bbt
                0x80825470      0x51c drivers/mtd/nand/built-in.o
                0x80825470                nand_scan_bbt
 .text.nand_default_bbt
                0x8082598c      0x100 drivers/mtd/nand/built-in.o
                0x8082598c                nand_default_bbt
 .text.nand_isbad_bbt
                0x80825a8c       0x54 drivers/mtd/nand/built-in.o
                0x80825a8c                nand_isbad_bbt
 .text.check_skip_len
                0x80825ae0       0xb0 drivers/mtd/nand/built-in.o
 .text.nand_erase_opts
                0x80825b90      0x3cc drivers/mtd/nand/built-in.o
                0x80825b90                nand_erase_opts
 .text.nand_write_skip_bad
                0x80825f5c      0x260 drivers/mtd/nand/built-in.o
                0x80825f5c                nand_write_skip_bad
 .text.nand_read_skip_bad
                0x808261bc      0x260 drivers/mtd/nand/built-in.o
                0x808261bc                nand_read_skip_bad
 .text.nand_calculate_ecc
                0x8082641c       0xf4 drivers/mtd/nand/built-in.o
                0x8082641c                nand_calculate_ecc
 .text.nand_correct_data
                0x80826510      0x120 drivers/mtd/nand/built-in.o
                0x80826510                nand_correct_data
 .text.nand_release_device
                0x80826630       0x18 drivers/mtd/nand/built-in.o
 .text.nand_read_byte
                0x80826648       0x14 drivers/mtd/nand/built-in.o
                0x80826648                nand_read_byte
 .text.nand_read_byte16
                0x8082665c       0x18 drivers/mtd/nand/built-in.o
 .text.nand_read_word
                0x80826674       0x14 drivers/mtd/nand/built-in.o
 .text.nand_write_buf
                0x80826688       0x2c drivers/mtd/nand/built-in.o
                0x80826688                nand_write_buf
 .text.nand_read_buf
                0x808266b4       0x2c drivers/mtd/nand/built-in.o
                0x808266b4                nand_read_buf
 .text.nand_verify_buf
                0x808266e0       0x44 drivers/mtd/nand/built-in.o
 .text.nand_write_buf16
                0x80826724       0x34 drivers/mtd/nand/built-in.o
                0x80826724                nand_write_buf16
 .text.nand_read_buf16
                0x80826758       0x38 drivers/mtd/nand/built-in.o
                0x80826758                nand_read_buf16
 .text.nand_verify_buf16
                0x80826790       0x4c drivers/mtd/nand/built-in.o
 .text.nand_read_page_raw_syndrome
                0x808267dc       0xd4 drivers/mtd/nand/built-in.o
 .text.nand_read_page_swecc
                0x808268b0      0x128 drivers/mtd/nand/built-in.o
 .text.nand_read_subpage
                0x808269d8      0x268 drivers/mtd/nand/built-in.o
 .text.nand_read_page_hwecc
                0x80826c40      0x144 drivers/mtd/nand/built-in.o
 .text.nand_read_page_hwecc_oob_first
                0x80826d84      0x138 drivers/mtd/nand/built-in.o
 .text.nand_read_page_syndrome
                0x80826ebc      0x124 drivers/mtd/nand/built-in.o
 .text.nand_read_oob_std
                0x80826fe0       0x3c drivers/mtd/nand/built-in.o
 .text.nand_read_oob_syndrome
                0x8082701c      0x108 drivers/mtd/nand/built-in.o
 .text.nand_write_oob_std
                0x80827124       0x70 drivers/mtd/nand/built-in.o
 .text.nand_write_oob_syndrome
                0x80827194      0x19c drivers/mtd/nand/built-in.o
 .text.nand_write_page_raw_syndrome
                0x80827330       0xd4 drivers/mtd/nand/built-in.o
 .text.nand_write_page_swecc
                0x80827404       0xb8 drivers/mtd/nand/built-in.o
 .text.nand_write_page_hwecc
                0x808274bc       0xd0 drivers/mtd/nand/built-in.o
 .text.nand_write_page_syndrome
                0x8082758c       0xf4 drivers/mtd/nand/built-in.o
 .text.single_erase_cmd
                0x80827680       0x3c drivers/mtd/nand/built-in.o
 .text.multi_erase_cmd
                0x808276bc       0x88 drivers/mtd/nand/built-in.o
 .text.nand_sync
                0x80827744       0x10 drivers/mtd/nand/built-in.o
 .text.nand_onfi_set_features
                0x80827754       0x64 drivers/mtd/nand/built-in.o
 .text.nand_check_wp
                0x808277b8       0x5c drivers/mtd/nand/built-in.o
 .text.nand_wait
                0x80827814       0xd0 drivers/mtd/nand/built-in.o
 .text.nand_block_checkbad
                0x808278e4       0x80 drivers/mtd/nand/built-in.o
 .text.nand_block_isbad
                0x80827964       0x1c drivers/mtd/nand/built-in.o
 .text.nand_block_markbad
                0x80827980       0x40 drivers/mtd/nand/built-in.o
 .text.nand_onfi_get_features
                0x808279c0       0x6c drivers/mtd/nand/built-in.o
 .text.nand_block_bad
                0x80827a2c      0x1a0 drivers/mtd/nand/built-in.o
 .text.nand_fill_oob
                0x80827bcc      0x120 drivers/mtd/nand/built-in.o
 .text.nand_do_write_oob
                0x80827cec      0x198 drivers/mtd/nand/built-in.o
 .text.nand_do_write_ops
                0x80827e84      0x34c drivers/mtd/nand/built-in.o
 .text.nand_write_oob
                0x808281d0       0x98 drivers/mtd/nand/built-in.o
 .text.nand_write
                0x80828268       0x64 drivers/mtd/nand/built-in.o
 .text.unlikely.sanitize_string
                0x808282cc       0x34 drivers/mtd/nand/built-in.o
 .text.generic_ffs
                0x80828300       0x50 drivers/mtd/nand/built-in.o
 .text.nand_read_page_raw
                0x80828350       0x44 drivers/mtd/nand/built-in.o
 .text.nand_write_page_raw
                0x80828394       0x44 drivers/mtd/nand/built-in.o
 .text.nand_write_page
                0x808283d8       0xc0 drivers/mtd/nand/built-in.o
 .text.nand_select_chip
                0x80828498       0x54 drivers/mtd/nand/built-in.o
 .text.nand_transfer_oob
                0x808284ec      0x108 drivers/mtd/nand/built-in.o
 .text.nand_do_read_ops
                0x808285f4      0x37c drivers/mtd/nand/built-in.o
 .text.nand_read_oob
                0x80828970      0x284 drivers/mtd/nand/built-in.o
 .text.nand_read
                0x80828bf4       0x64 drivers/mtd/nand/built-in.o
 .text.nand_wait_ready
                0x80828c58       0x4c drivers/mtd/nand/built-in.o
                0x80828c58                nand_wait_ready
 .text.nand_command
                0x80828ca4      0x200 drivers/mtd/nand/built-in.o
 .text.nand_command_lp
                0x80828ea4      0x284 drivers/mtd/nand/built-in.o
 .text.nand_erase_nand
                0x80829128      0x360 drivers/mtd/nand/built-in.o
                0x80829128                nand_erase_nand
 .text.nand_default_block_markbad
                0x80829488      0x1d4 drivers/mtd/nand/built-in.o
 .text.nand_erase
                0x8082965c        0x8 drivers/mtd/nand/built-in.o
 .text.nand_scan_ident
                0x80829664      0xa2c drivers/mtd/nand/built-in.o
                0x80829664                nand_scan_ident
 .text.nand_scan_tail
                0x8082a090      0x5dc drivers/mtd/nand/built-in.o
                0x8082a090                nand_scan_tail
 .text.nand_scan
                0x8082a66c       0x24 drivers/mtd/nand/built-in.o
                0x8082a66c                nand_scan
 .text.omap_nand_hwcontrol
                0x8082a690       0xa0 drivers/mtd/nand/built-in.o
 .text.omap_enable_hwecc
                0x8082a730       0xe4 drivers/mtd/nand/built-in.o
 .text.omap_calculate_ecc
                0x8082a814      0x19c drivers/mtd/nand/built-in.o
 .text.omap_read_page_bch
                0x8082a9b0      0x1bc drivers/mtd/nand/built-in.o
 .text.omap_reverse_list
                0x8082ab6c       0x34 drivers/mtd/nand/built-in.o
                0x8082ab6c                omap_reverse_list
 .text.omap_correct_data_bch
                0x8082aba0      0x1d0 drivers/mtd/nand/built-in.o
 .text.board_nand_init
                0x8082ad70      0x1d0 drivers/mtd/nand/built-in.o
                0x8082ad70                board_nand_init
 .text.elm_check_error
                0x8082af40      0x1f8 drivers/mtd/nand/built-in.o
                0x8082af40                elm_check_error
 .text.elm_config
                0x8082b138       0x4c drivers/mtd/nand/built-in.o
                0x8082b138                elm_config
 .text.elm_reset
                0x8082b184       0x34 drivers/mtd/nand/built-in.o
                0x8082b184                elm_reset
 .text.elm_init
                0x8082b1b8       0x18 drivers/mtd/nand/built-in.o
                0x8082b1b8                elm_init
 .text.spi_flash_read_write
                0x8082b1d0       0x74 drivers/mtd/spi/built-in.o
 .text.spi_flash_cmd_read
                0x8082b244       0x20 drivers/mtd/spi/built-in.o
                0x8082b244                spi_flash_cmd_read
 .text.spi_flash_cmd
                0x8082b264       0x2c drivers/mtd/spi/built-in.o
                0x8082b264                spi_flash_cmd
 .text.spi_flash_cmd_write
                0x8082b290       0x20 drivers/mtd/spi/built-in.o
                0x8082b290                spi_flash_cmd_write
 .text.spi_flash_probe
                0x8082b2b0      0x3d0 drivers/mtd/spi/built-in.o
                0x8082b2b0                spi_flash_probe
 .text.spi_flash_free
                0x8082b680       0x1c drivers/mtd/spi/built-in.o
                0x8082b680                spi_flash_free
 .text.spi_flash_cmd_wait_ready
                0x8082b69c       0xe0 drivers/mtd/spi/built-in.o
                0x8082b69c                spi_flash_cmd_wait_ready
 .text.spi_flash_write_common
                0x8082b77c       0x9c drivers/mtd/spi/built-in.o
                0x8082b77c                spi_flash_write_common
 .text.spi_flash_cmd_write_status
                0x8082b818       0x2c drivers/mtd/spi/built-in.o
                0x8082b818                spi_flash_cmd_write_status
 .text.spi_flash_cmd_erase_ops
                0x8082b844       0xa8 drivers/mtd/spi/built-in.o
                0x8082b844                spi_flash_cmd_erase_ops
 .text.spi_flash_cmd_write_ops
                0x8082b8ec       0xb8 drivers/mtd/spi/built-in.o
                0x8082b8ec                spi_flash_cmd_write_ops
 .text.spi_flash_read_common
                0x8082b9a4       0x5c drivers/mtd/spi/built-in.o
                0x8082b9a4                spi_flash_read_common
 .text.spi_flash_cmd_read_status
                0x8082ba00       0x2c drivers/mtd/spi/built-in.o
                0x8082ba00                spi_flash_cmd_read_status
 .text.spi_flash_copy_mmap