Archive member included to satisfy reference by file (symbol)

/opt/ti_tools/arm-2014.05/bin/../lib/gcc/arm-none-linux-gnueabi/4.8.3/libgcc.a(_udivsi3.o)
                              arch/arm/cpu/armv7/built-in.o (__aeabi_uidiv)
/opt/ti_tools/arm-2014.05/bin/../lib/gcc/arm-none-linux-gnueabi/4.8.3/libgcc.a(_divsi3.o)
                              fs/built-in.o (__aeabi_idiv)
/opt/ti_tools/arm-2014.05/bin/../lib/gcc/arm-none-linux-gnueabi/4.8.3/libgcc.a(_lshrdi3.o)
                              lib/built-in.o (__aeabi_llsr)
/opt/ti_tools/arm-2014.05/bin/../lib/gcc/arm-none-linux-gnueabi/4.8.3/libgcc.a(_ashrdi3.o)
                              drivers/mtd/nand/built-in.o (__aeabi_lasr)
/opt/ti_tools/arm-2014.05/bin/../lib/gcc/arm-none-linux-gnueabi/4.8.3/libgcc.a(_ashldi3.o)
                              drivers/mmc/built-in.o (__aeabi_llsl)
/opt/ti_tools/arm-2014.05/bin/../lib/gcc/arm-none-linux-gnueabi/4.8.3/libgcc.a(_dvmd_lnx.o)
                              /opt/ti_tools/arm-2014.05/bin/../lib/gcc/arm-none-linux-gnueabi/4.8.3/libgcc.a(_udivsi3.o) (__aeabi_idiv0)

Discarded input sections

 .data          0x00000000        0x0 arch/arm/cpu/armv7/start.o
 .bss           0x00000000        0x0 arch/arm/cpu/armv7/start.o
 .text.interrupt_init
                0x00000000       0x1c arch/arm/lib/built-in.o
 .text.enable_interrupts
                0x00000000        0x4 arch/arm/lib/built-in.o
 .text.bad_mode
                0x00000000       0x10 arch/arm/lib/built-in.o
 .text.show_regs
                0x00000000      0x13c arch/arm/lib/built-in.o
 .text.do_undefined_instruction
                0x00000000       0x20 arch/arm/lib/built-in.o
 .text.do_software_interrupt
                0x00000000       0x20 arch/arm/lib/built-in.o
 .text.do_prefetch_abort
                0x00000000       0x20 arch/arm/lib/built-in.o
 .text.do_data_abort
                0x00000000       0x20 arch/arm/lib/built-in.o
 .text.do_not_used
                0x00000000       0x20 arch/arm/lib/built-in.o
 .text.do_fiq   0x00000000       0x20 arch/arm/lib/built-in.o
 .text.do_irq   0x00000000       0x20 arch/arm/lib/built-in.o
 .text.flush_cache
                0x00000000        0x4 arch/arm/lib/built-in.o
 .text.flush_dcache_all
                0x00000000        0xc arch/arm/lib/built-in.o
 .text.enable_caches
                0x00000000        0x4 arch/arm/lib/built-in.o
 .text.cp_delay
                0x00000000       0x30 arch/arm/lib/built-in.o
 .text.arm_init_before_mmu
                0x00000000        0x4 arch/arm/lib/built-in.o
 .text.arm_init_domains
                0x00000000        0x4 arch/arm/lib/built-in.o
 .text.set_section_dcache
                0x00000000       0x14 arch/arm/lib/built-in.o
 .text.mmu_page_table_flush
                0x00000000        0x4 arch/arm/lib/built-in.o
 .text.mmu_set_region_dcache_behaviour
                0x00000000       0x50 arch/arm/lib/built-in.o
 .text.dram_bank_mmu_setup
                0x00000000       0x40 arch/arm/lib/built-in.o
 .text.icache_enable
                0x00000000       0x18 arch/arm/lib/built-in.o
 .text.icache_disable
                0x00000000       0x1c arch/arm/lib/built-in.o
 .text.icache_status
                0x00000000        0xc arch/arm/lib/built-in.o
 .text.dcache_enable
                0x00000000       0x70 arch/arm/lib/built-in.o
 .text.dcache_disable
                0x00000000       0x28 arch/arm/lib/built-in.o
 .text.dcache_status
                0x00000000        0xc arch/arm/lib/built-in.o
 .rodata        0x00000000       0x80 arch/arm/lib/built-in.o
 .__rel_dyn_start
                0x00000000        0x0 arch/arm/lib/built-in.o
 .__rel_dyn_end
                0x00000000        0x0 arch/arm/lib/built-in.o
 .__image_copy_end
                0x00000000        0x0 arch/arm/lib/built-in.o
 .__image_copy_start
                0x00000000        0x0 arch/arm/lib/built-in.o
 .__end         0x00000000        0x0 arch/arm/lib/built-in.o
 .bss           0x00000000        0x0 arch/arm/lib/built-in.o
 .text.v7_maint_dcache_all
                0x00000000       0xd4 arch/arm/cpu/armv7/built-in.o
 .text.v7_dcache_inval_range
                0x00000000       0x80 arch/arm/cpu/armv7/built-in.o
 .text.invalidate_icache_all
                0x00000000       0x18 arch/arm/cpu/armv7/built-in.o
 .text.v7_outer_cache_enable
                0x00000000        0x4 arch/arm/cpu/armv7/built-in.o
 .text.v7_outer_cache_disable
                0x00000000        0x4 arch/arm/cpu/armv7/built-in.o
 .text.v7_outer_cache_flush_all
                0x00000000        0x4 arch/arm/cpu/armv7/built-in.o
 .text.flush_dcache_all
                0x00000000       0x14 arch/arm/cpu/armv7/built-in.o
 .text.v7_outer_cache_inval_all
                0x00000000        0x4 arch/arm/cpu/armv7/built-in.o
 .text.invalidate_dcache_all
                0x00000000       0x14 arch/arm/cpu/armv7/built-in.o
 .text.arm_init_before_mmu
                0x00000000       0x28 arch/arm/cpu/armv7/built-in.o
[...]
Memory Configuration

Name             Origin             Length             Attributes
.sram            0x402f0400         0x0001b400
.sdram           0x80a00000         0x00080000
*default*        0x00000000         0xffffffff

Linker script and memory map


.text           0x402f0400     0xdf60
                0x402f0400                __start = .
 arch/arm/cpu/armv7/start.o(.text)
 .text          0x402f0400       0x9c arch/arm/cpu/armv7/start.o
                0x402f0400                reset
                0x402f0440                c_runtime_cpu_setup
                0x402f045c                cpu_init_cp15
                0x402f0494                cpu_init_crit
 *(.text*)
 .text          0x402f049c       0x1c arch/arm/lib/built-in.o
                0x402f049c                _main
 .text.board_init_f
                0x402f04b8       0x34 arch/arm/lib/built-in.o
                0x402f04b8                board_init_f
 .text.disable_interrupts
                0x402f04ec        0x8 arch/arm/lib/built-in.o
                0x402f04ec                disable_interrupts
 .text.do_reset
                0x402f04f4       0x2c arch/arm/lib/built-in.o
                0x402f04f4                do_reset
 .text          0x402f0520       0x44 arch/arm/cpu/armv7/built-in.o
                0x402f0520                lowlevel_init
                0x402f0540                save_boot_params
                0x402f054c                set_pl310_ctrl_reg
 .text.sdelay   0x402f0564        0xc arch/arm/cpu/armv7/built-in.o
                0x402f0564                sdelay
 .text.wait_on_value
                0x402f0570       0x34 arch/arm/cpu/armv7/built-in.o
                0x402f0570                wait_on_value
 .text.reset_cpu
                0x402f05a4       0x14 arch/arm/cpu/armv7/built-in.o
                0x402f05a4                reset_cpu
 .text.timer_init
                0x402f05b8       0x3c arch/arm/cpu/armv7/built-in.o
                0x402f05b8                timer_init
 .text.__udelay
                0x402f05f4       0x44 arch/arm/cpu/armv7/built-in.o
                0x402f05f4                __udelay
 .text.get_timer_masked
                0x402f0638       0x3c arch/arm/cpu/armv7/built-in.o
                0x402f0638                get_timer_masked
 .text.get_timer
                0x402f0674       0x14 arch/arm/cpu/armv7/built-in.o
                0x402f0674                get_timer
 .text.save_omap_boot_params
                0x402f0688       0x4c arch/arm/cpu/armv7/built-in.o
                0x402f0688                save_omap_boot_params
 .text.spl_boot_device
                0x402f06d4        0x8 arch/arm/cpu/armv7/built-in.o
                0x402f06d4                spl_boot_device
 .text.spl_boot_mode
                0x402f06dc       0x1c arch/arm/cpu/armv7/built-in.o
                0x402f06dc                spl_boot_mode
 .text.spl_board_init
                0x402f06f8       0x18 arch/arm/cpu/armv7/built-in.o
                0x402f06f8                spl_board_init
 .text.board_mmc_init
                0x402f0710       0x60 arch/arm/cpu/armv7/built-in.o
                0x402f0710                board_mmc_init
 .text.jump_to_image_no_args
                0x402f0770       0x10 arch/arm/cpu/armv7/built-in.o
                0x402f0770                jump_to_image_no_args
 .text.enable_gpmc_cs_config
                0x402f0780       0x74 arch/arm/cpu/armv7/built-in.o
                0x402f0780                enable_gpmc_cs_config
 .text.gpmc_init
                0x402f07f4       0xb8 arch/arm/cpu/armv7/built-in.o
                0x402f07f4                gpmc_init
 .text.get_dpll_mpu_params
                0x402f08ac        0xc arch/arm/cpu/armv7/am33xx/built-in.o
                0x402f08ac                get_dpll_mpu_params
 .text.get_dpll_core_params
                0x402f08b8        0xc arch/arm/cpu/armv7/am33xx/built-in.o
                0x402f08b8                get_dpll_core_params
 .text.get_dpll_per_params
                0x402f08c4        0xc arch/arm/cpu/armv7/am33xx/built-in.o
                0x402f08c4                get_dpll_per_params
 .text.setup_clocks_for_console
                0x402f08d0       0x8c arch/arm/cpu/armv7/am33xx/built-in.o
                0x402f08d0                setup_clocks_for_console
 .text.enable_basic_clocks
                0x402f095c       0x60 arch/arm/cpu/armv7/am33xx/built-in.o
                0x402f095c                enable_basic_clocks
 .text.do_setup_dpll
                0x402f09bc      0x138 arch/arm/cpu/armv7/am33xx/built-in.o
                0x402f09bc                do_setup_dpll
 .text.do_enable_clocks
                0x402f0af4       0xa4 arch/arm/cpu/armv7/am33xx/built-in.o
                0x402f0af4                do_enable_clocks
 .text.scale_vcores
                0x402f0b98        0x4 arch/arm/cpu/armv7/am33xx/built-in.o
                0x402f0b98                scale_vcores
 .text.prcm_init
                0x402f0b9c       0x74 arch/arm/cpu/armv7/am33xx/built-in.o
                0x402f0b9c                prcm_init
 .text.am335x_get_efuse_mpu_max_freq
                0x402f0c10       0x9c arch/arm/cpu/armv7/am33xx/built-in.o
                0x402f0c10                am335x_get_efuse_mpu_max_freq
 .text.am335x_get_tps65910_mpu_vdd
                0x402f0cac       0x44 arch/arm/cpu/armv7/am33xx/built-in.o
                0x402f0cac                am335x_get_tps65910_mpu_vdd
 .text.configure_mr
                0x402f0cf0       0xcc arch/arm/cpu/armv7/am33xx/built-in.o
 .text.config_sdram_emif4d5
                0x402f0dbc      0x1e0 arch/arm/cpu/armv7/am33xx/built-in.o
                0x402f0dbc                config_sdram_emif4d5
 .text.config_sdram
                0x402f0f9c       0x84 arch/arm/cpu/armv7/am33xx/built-in.o
                0x402f0f9c                config_sdram
 .text.set_sdram_timings
                0x402f1020       0x68 arch/arm/cpu/armv7/am33xx/built-in.o
                0x402f1020                set_sdram_timings
 .text.config_ddr_phy
                0x402f1088      0x288 arch/arm/cpu/armv7/am33xx/built-in.o
                0x402f1088                config_ddr_phy
 .text.config_cmd_ctrl
                0x402f1310       0x70 arch/arm/cpu/armv7/am33xx/built-in.o
                0x402f1310                config_cmd_ctrl
 .text.config_ddr_data
                0x402f1380       0x84 arch/arm/cpu/armv7/am33xx/built-in.o
                0x402f1380                config_ddr_data
 .text.config_io_ctrl
                0x402f1404       0x3c arch/arm/cpu/armv7/am33xx/built-in.o
                0x402f1404                config_io_ctrl
 .text.ddr_pll_config
                0x402f1440        0x4 arch/arm/cpu/armv7/am33xx/built-in.o
                0x402f1440                ddr_pll_config
 .text.config_ddr
                0x402f1444      0x118 arch/arm/cpu/armv7/am33xx/built-in.o
                0x402f1444                config_ddr
 .text.am33xx_otg1_set_phy_power
                0x402f155c       0x28 arch/arm/cpu/armv7/am33xx/built-in.o
 .text.am33xx_otg0_set_phy_power
                0x402f1584       0x28 arch/arm/cpu/armv7/am33xx/built-in.o
 .text.arch_misc_init
                0x402f15ac       0x44 arch/arm/cpu/armv7/am33xx/built-in.o
                0x402f15ac                arch_misc_init
 .text.board_early_init_f
                0x402f15f0       0x14 arch/arm/cpu/armv7/am33xx/built-in.o
                0x402f15f0                board_early_init_f
 .text.s_init   0x402f1604       0xb8 arch/arm/cpu/armv7/am33xx/built-in.o
                0x402f1604                s_init
 .text.configure_module_pin_mux
                0x402f16bc       0x28 arch/arm/cpu/armv7/am33xx/built-in.o
                0x402f16bc                configure_module_pin_mux
 .text.enable_uart0_pin_mux
                0x402f16e4        0xc board/ti/am335x/built-in.o
                0x402f16e4                enable_uart0_pin_mux
 .text.enable_i2c0_pin_mux
                0x402f16f0        0xc board/ti/am335x/built-in.o
                0x402f16f0                enable_i2c0_pin_mux
 .text.enable_board_pin_mux
                0x402f16fc      0x1f8 board/ti/am335x/built-in.o
                0x402f16fc                enable_board_pin_mux
 .text.am33xx_spl_board_init
                0x402f18f4      0x280 board/ti/am335x/built-in.o
                0x402f18f4                am33xx_spl_board_init
 .text.get_dpll_ddr_params
                0x402f1b74       0xc0 board/ti/am335x/built-in.o
                0x402f1b74                get_dpll_ddr_params
 .text.set_uart_mux_conf
                0x402f1c34        0x4 board/ti/am335x/built-in.o
                0x402f1c34                set_uart_mux_conf
 .text.set_mux_conf_regs
                0x402f1c38       0x28 board/ti/am335x/built-in.o
                0x402f1c38                set_mux_conf_regs
 .text.sdram_init
                0x402f1c60      0x1a4 board/ti/am335x/built-in.o
                0x402f1c60                sdram_init
 .text.spl_parse_image_header
                0x402f1e04       0xac common/spl/built-in.o
                0x402f1e04                spl_parse_image_header
 .text.board_init_r
                0x402f1eb0       0x70 common/spl/built-in.o
                0x402f1eb0                board_init_r
 .text.preloader_console_init
                0x402f1f20       0x38 common/spl/built-in.o
                0x402f1f20                preloader_console_init
 .text.getcymodem
                0x402f1f58       0x20 common/spl/built-in.o
 .text.spl_ymodem_load_image
                0x402f1f78       0xd0 common/spl/built-in.o
                0x402f1f78                spl_ymodem_load_image
 .text.spl_nand_load_image
                0x402f2048       0x48 common/spl/built-in.o
                0x402f2048                spl_nand_load_image
 .text.spl_mmc_load_image
                0x402f2090      0x134 common/spl/built-in.o
                0x402f2090                spl_mmc_load_image
 .text.spl_load_image_fat
                0x402f21c4       0xb8 common/spl/built-in.o
                0x402f21c4                spl_load_image_fat
 .text.CYGACC_COMM_IF_GETC_TIMEOUT.isra.0
                0x402f227c       0x4c common/built-in.o
 .text.xyzModem_flush
                0x402f22c8       0x1c common/built-in.o
 .text.xyzModem_get_hdr
                0x402f22e4      0x230 common/built-in.o
 .text.xyzModem_stream_open
                0x402f2514      0x248 common/built-in.o
                0x402f2514                xyzModem_stream_open
 .text.xyzModem_stream_read
                0x402f275c      0x24c common/built-in.o
                0x402f275c                xyzModem_stream_read
 .text.xyzModem_stream_close
                0x402f29a8       0x54 common/built-in.o
                0x402f29a8                xyzModem_stream_close
 .text.xyzModem_stream_terminate
                0x402f29fc       0x94 common/built-in.o
                0x402f29fc                xyzModem_stream_terminate
 .text.xyzModem_error
                0x402f2a90       0x20 common/built-in.o
                0x402f2a90                xyzModem_error
 .text.fgetc    0x402f2ab0       0x2c common/built-in.o
                0x402f2ab0                fgetc
 .text.ftstc    0x402f2adc       0x2c common/built-in.o
                0x402f2adc                ftstc
 .text.fputc    0x402f2b08       0x28 common/built-in.o
                0x402f2b08                fputc
 .text.getc     0x402f2b30       0x24 common/built-in.o
                0x402f2b30                getc
 .text.tstc     0x402f2b54       0x24 common/built-in.o
                0x402f2b54                tstc
 .text.putc     0x402f2b78       0x28 common/built-in.o
                0x402f2b78                putc
 .text.puts     0x402f2ba0       0x3c common/built-in.o
                0x402f2ba0                puts
 .text.printf   0x402f2bdc       0x4c common/built-in.o
                0x402f2bdc                printf
 .text.vprintf  0x402f2c28       0x40 common/built-in.o
                0x402f2c28                vprintf
 .text.sbrk     0x402f2c68       0x70 common/built-in.o
                0x402f2c68                sbrk
 .text.mem_malloc_init
                0x402f2cd8       0x34 common/built-in.o
                0x402f2cd8                mem_malloc_init
 .text.malloc_trim
                0x402f2d0c       0xcc common/built-in.o
                0x402f2d0c                malloc_trim
 .text.free     0x402f2dd8      0x230 common/built-in.o
                0x402f2dd8                free
 .text.malloc   0x402f3008      0x5dc common/built-in.o
                0x402f3008                malloc
 .text.calloc   0x402f35e4       0xdc common/built-in.o
                0x402f35e4                calloc
 .text.memalign
                0x402f36c0      0x10c common/built-in.o
                0x402f36c0                memalign
 .text.init_part
                0x402f37cc       0x34 disk/built-in.o
                0x402f37cc                init_part
 .text.get_partition_info
                0x402f3800       0x40 disk/built-in.o
                0x402f3800                get_partition_info
 .text.test_block_type
                0x402f3840       0x7c disk/built-in.o
 .text.get_partition_info_extended
                0x402f38bc      0x334 disk/built-in.o
 .text.test_part_dos
                0x402f3bf0       0x60 disk/built-in.o
                0x402f3bf0                test_part_dos
 .text.get_partition_info_dos
                0x402f3c50       0x24 disk/built-in.o
                0x402f3c50                get_partition_info_dos
 .text.print_efiname
                0x402f3c74       0x58 disk/built-in.o
 .text.is_gpt_valid
                0x402f3ccc      0x404 disk/built-in.o
 .text.is_pte_valid
                0x402f40d0       0x58 disk/built-in.o
 .text.get_partition_info_efi
                0x402f4128      0x208 disk/built-in.o
                0x402f4128                get_partition_info_efi
 .text.test_part_efi
                0x402f4330       0xd8 disk/built-in.o
                0x402f4330                test_part_efi
 .text.i2c_get_adapter
                0x402f4408       0x64 drivers/i2c/built-in.o
                0x402f4408                i2c_get_adapter
 .text.i2c_init_bus
                0x402f446c       0x90 drivers/i2c/built-in.o
 .text.i2c_probe
                0x402f44fc       0x28 drivers/i2c/built-in.o
                0x402f44fc                i2c_probe
 .text.i2c_read
                0x402f4524       0x4c drivers/i2c/built-in.o
                0x402f4524                i2c_read
 .text.i2c_write
                0x402f4570       0x4c drivers/i2c/built-in.o
                0x402f4570                i2c_write
 .text.__i2c_init
                0x402f45bc       0x14 drivers/i2c/built-in.o
                0x402f45bc                __i2c_init
                0x402f45bc                i2c_init
 .text.omap24_get_base.isra.0
                0x402f45d0       0x58 drivers/i2c/built-in.o
 .text.omap24_i2c_setspeed
                0x402f4628       0xfc drivers/i2c/built-in.o
 .text.wait_for_bb
                0x402f4724       0x7c drivers/i2c/built-in.o
 .text.wait_for_event
                0x402f47a0       0x7c drivers/i2c/built-in.o
 .text.flush_fifo
                0x402f481c       0x38 drivers/i2c/built-in.o
 .text.omap24_i2c_write
                0x402f4854      0x210 drivers/i2c/built-in.o
 .text.omap24_i2c_read
                0x402f4a64      0x1fc drivers/i2c/built-in.o
 .text.omap24_i2c_probe
                0x402f4c60       0xd8 drivers/i2c/built-in.o
 .text.omap24_i2c_init
                0x402f4d38      0x1e0 drivers/i2c/built-in.o
 .text.check_gpio
                0x402f4f18       0x2c drivers/gpio/built-in.o
 .text._set_gpio_dataout
                0x402f4f44       0x44 drivers/gpio/built-in.o
 .text.gpio_is_valid
                0x402f4f88       0x10 drivers/gpio/built-in.o
                0x402f4f88                gpio_is_valid
 .text.gpio_get_value
                0x402f4f98       0x70 drivers/gpio/built-in.o
                0x402f4f98                gpio_get_value
 .text.gpio_direction_input
                0x402f5008       0x5c drivers/gpio/built-in.o
                0x402f5008                gpio_direction_input
 .text.gpio_direction_output
                0x402f5064       0x70 drivers/gpio/built-in.o
                0x402f5064                gpio_direction_output
 .text.gpio_request
                0x402f50d4       0x10 drivers/gpio/built-in.o
                0x402f50d4                gpio_request
 .text.mmc_berase
                0x402f50e4        0x8 drivers/mmc/built-in.o
 .text.mmc_bwrite
                0x402f50ec        0x8 drivers/mmc/built-in.o
 .text.mmc_set_ios
                0x402f50f4       0x20 drivers/mmc/built-in.o
 .text.mmc_set_capacity
                0x402f5114       0xac drivers/mmc/built-in.o
 .text.__board_mmc_getcd
                0x402f51c0        0x8 drivers/mmc/built-in.o
                0x402f51c0                __board_mmc_getcd
                0x402f51c0                board_mmc_getcd
 .text.mmc_send_cmd
                0x402f51c8       0x18 drivers/mmc/built-in.o
                0x402f51c8                mmc_send_cmd
 .text.mmc_go_idle
                0x402f51e0       0x4c drivers/mmc/built-in.o
 .text.mmc_send_op_cond_iter
                0x402f522c       0x80 drivers/mmc/built-in.o
 .text.mmc_send_ext_csd
                0x402f52ac       0x4c drivers/mmc/built-in.o
 .text.mmc_send_status
                0x402f52f8       0xcc drivers/mmc/built-in.o
                0x402f52f8                mmc_send_status
 .text.mmc_switch.isra.1
                0x402f53c4       0x54 drivers/mmc/built-in.o
 .text.mmc_set_blocklen
                0x402f5418       0x3c drivers/mmc/built-in.o
                0x402f5418                mmc_set_blocklen
 .text.find_mmc_device
                0x402f5454       0x4c drivers/mmc/built-in.o
                0x402f5454                find_mmc_device
 .text.mmc_bread
                0x402f54a0      0x13c drivers/mmc/built-in.o
 .text.mmc_send_op_cond
                0x402f55dc       0x74 drivers/mmc/built-in.o
                0x402f55dc                mmc_send_op_cond
 .text.mmc_complete_op_cond
                0x402f5650       0x8c drivers/mmc/built-in.o
                0x402f5650                mmc_complete_op_cond
 .text.mmc_getcd
                0x402f56dc       0x3c drivers/mmc/built-in.o
                0x402f56dc                mmc_getcd
 .text.mmc_set_clock
                0x402f5718       0x24 drivers/mmc/built-in.o
                0x402f5718                mmc_set_clock
 .text.mmc_startup
                0x402f573c      0xb8c drivers/mmc/built-in.o
 .text.mmc_create
                0x402f62c8       0xf8 drivers/mmc/built-in.o
                0x402f62c8                mmc_create
 .text.mmc_start_init
                0x402f63c0      0x224 drivers/mmc/built-in.o
                0x402f63c0                mmc_start_init
 .text.mmc_init
                0x402f65e4       0x8c drivers/mmc/built-in.o
                0x402f65e4                mmc_init
 .text.__def_mmc_init
                0x402f6670        0x8 drivers/mmc/built-in.o
                0x402f6670                cpu_mmc_init
 .text.mmc_initialize
                0x402f6678       0x70 drivers/mmc/built-in.o
                0x402f6678                mmc_initialize
 .text.omap_hsmmc_set_ios
                0x402f66e8      0x118 drivers/mmc/built-in.o
 .text.omap_hsmmc_getwp
                0x402f6800       0x1c drivers/mmc/built-in.o
 .text.omap_hsmmc_getcd
                0x402f681c       0x1c drivers/mmc/built-in.o
 .text.omap_mmc_setup_gpio_in
                0x402f6838       0x4c drivers/mmc/built-in.o
 .text.mmc_reset_controller_fsm
                0x402f6884       0x9c drivers/mmc/built-in.o
 .text.omap_hsmmc_send_cmd
                0x402f6920      0x3e0 drivers/mmc/built-in.o
 .text.mmc_init_stream
                0x402f6d00       0xa8 drivers/mmc/built-in.o
                0x402f6d00                mmc_init_stream
 .text.omap_hsmmc_init_setup
                0x402f6da8      0x154 drivers/mmc/built-in.o
 .text.omap_mmc_init
                0x402f6efc      0x124 drivers/mmc/built-in.o
                0x402f6efc                omap_mmc_init
 .text.get_current
                0x402f7020       0x44 drivers/serial/built-in.o
 .text.serial_init
                0x402f7064       0x14 drivers/serial/built-in.o
                0x402f7064                serial_init
 .text.serial_getc
                0x402f7078       0x14 drivers/serial/built-in.o
                0x402f7078                serial_getc
 .text.serial_tstc
                0x402f708c       0x14 drivers/serial/built-in.o
                0x402f708c                serial_tstc
 .text.serial_putc
                0x402f70a0       0x1c drivers/serial/built-in.o
                0x402f70a0                serial_putc
 .text.serial_puts
                0x402f70bc       0x1c drivers/serial/built-in.o
                0x402f70bc                serial_puts
 .text.NS16550_init
                0x402f70d8       0x74 drivers/serial/built-in.o
                0x402f70d8                NS16550_init
 .text.NS16550_reinit
                0x402f714c       0x54 drivers/serial/built-in.o
                0x402f714c                NS16550_reinit
 .text.NS16550_putc
                0x402f71a0       0x20 drivers/serial/built-in.o
                0x402f71a0                NS16550_putc
 .text.NS16550_getc
                0x402f71c0       0x2c drivers/serial/built-in.o
                0x402f71c0                NS16550_getc
 .text.NS16550_tstc
                0x402f71ec       0x10 drivers/serial/built-in.o
                0x402f71ec                NS16550_tstc
 .text.calc_divisor.isra.0
                0x402f71fc       0x28 drivers/serial/built-in.o
 .text.eserial1_init
                0x402f7224       0x20 drivers/serial/built-in.o
 .text._serial_putc
                0x402f7244       0x38 drivers/serial/built-in.o
                0x402f7244                _serial_putc
 .text.eserial1_putc
                0x402f727c        0x8 drivers/serial/built-in.o
 .text._serial_puts
                0x402f7284       0x28 drivers/serial/built-in.o
                0x402f7284                _serial_puts
 .text.eserial1_puts
                0x402f72ac        0x8 drivers/serial/built-in.o
 .text._serial_getc
                0x402f72b4       0x1c drivers/serial/built-in.o
                0x402f72b4                _serial_getc
 .text.eserial1_getc
                0x402f72d0        0x8 drivers/serial/built-in.o
 .text._serial_tstc
                0x402f72d8       0x14 drivers/serial/built-in.o
                0x402f72d8                _serial_tstc
 .text.eserial1_tstc
                0x402f72ec        0x8 drivers/serial/built-in.o
 .text._serial_setbrg
                0x402f72f4       0x28 drivers/serial/built-in.o
                0x402f72f4                _serial_setbrg
 .text.eserial1_setbrg
                0x402f731c        0x8 drivers/serial/built-in.o
 .text.default_serial_console
                0x402f7324        0xc drivers/serial/built-in.o
                0x402f7324                default_serial_console
 .text.downcase
                0x402f7330       0x30 fs/built-in.o
 .text.disk_read
                0x402f7360       0x58 fs/built-in.o
 .text.dirdelim
                0x402f73b8       0x30 fs/built-in.o
 .text.get_fatent
                0x402f73e8      0x154 fs/built-in.o
 .text.mkcksum  0x402f753c       0x54 fs/built-in.o
 .text.get_cluster
                0x402f7590      0x178 fs/built-in.o
 .text.get_name
                0x402f7708       0xac fs/built-in.o
 .text.read_bootsectandvi
                0x402f77b4      0x124 fs/built-in.o
 .text.slot2str
                0x402f78d8       0xc0 fs/built-in.o
 .text.get_vfatname
                0x402f7998      0x1c0 fs/built-in.o
 .text.fat_set_blk_dev
                0x402f7b58       0xd0 fs/built-in.o
                0x402f7b58                fat_set_blk_dev
 .text.fat_register_device
                0x402f7c28       0x64 fs/built-in.o
                0x402f7c28                fat_register_device
 .text.do_fat_read_at
                0x402f7c8c      0xb7c fs/built-in.o
                0x402f7c8c                do_fat_read_at
 .text.file_fat_read_at
                0x402f8808       0x4c fs/built-in.o
                0x402f8808                file_fat_read_at
 .text.file_fat_read
                0x402f8854       0x14 fs/built-in.o
                0x402f8854                file_fat_read
 .text.cyg_crc16
                0x402f8868       0x44 lib/built-in.o
                0x402f8868                cyg_crc16
 .text.crc32_no_comp
                0x402f88ac       0xd8 lib/built-in.o
                0x402f88ac                crc32_no_comp
 .text.crc32    0x402f8984       0x14 lib/built-in.o
                0x402f8984                crc32
 .text.__div64_32
                0x402f8998       0xd4 lib/built-in.o
                0x402f8998                __div64_32
 .text.hang     0x402f8a6c       0x14 lib/built-in.o
                0x402f8a6c                hang
 .text.strcpy   0x402f8a80       0x1c lib/built-in.o
                0x402f8a80                strcpy
 .text.strcat   0x402f8a9c       0x30 lib/built-in.o
                0x402f8a9c                strcat
 .text.strcmp   0x402f8acc       0x2c lib/built-in.o
                0x402f8acc                strcmp
 .text.strncmp  0x402f8af8       0x40 lib/built-in.o
                0x402f8af8                strncmp
 .text.strnlen  0x402f8b38       0x30 lib/built-in.o
                0x402f8b38                strnlen
 .text.memset   0x402f8b68       0x60 lib/built-in.o
                0x402f8b68                memset
 .text.memcpy   0x402f8bc8       0x60 lib/built-in.o
                0x402f8bc8                memcpy
 .text.memcmp   0x402f8c28       0x34 lib/built-in.o
                0x402f8c28                memcmp
 .text.udelay   0x402f8c5c       0x34 lib/built-in.o
                0x402f8c5c                udelay
 .text.mdelay   0x402f8c90       0x24 lib/built-in.o
                0x402f8c90                mdelay
 .text.uuid_bin_to_str
                0x402f8cb4       0xa8 lib/built-in.o
                0x402f8cb4                uuid_bin_to_str
 .text.put_dec_trunc
                0x402f8d5c       0xe0 lib/built-in.o
 .text.put_dec  0x402f8e3c      0x134 lib/built-in.o
 .text.string.isra.0
                0x402f8f70       0x90 lib/built-in.o
 .text.number.isra.4
                0x402f9000      0x25c lib/built-in.o
 .text.vsnprintf_internal.isra.6
                0x402f925c      0x5ec lib/built-in.o
 .text.vsprintf
                0x402f9848        0x4 lib/built-in.o
                0x402f9848                vsprintf
 .text.sprintf  0x402f984c       0x28 lib/built-in.o
                0x402f984c                sprintf
 .text.panic    0x402f9874       0x44 lib/built-in.o
                0x402f9874                panic
 .text.tps65217_reg_read
                0x402f98b8       0x28 drivers/power/pmic/built-in.o
                0x402f98b8                tps65217_reg_read
 .text.tps65217_reg_write
                0x402f98e0       0xfc drivers/power/pmic/built-in.o
                0x402f98e0                tps65217_reg_write
 .text.tps65217_voltage_update
                0x402f99dc       0x58 drivers/power/pmic/built-in.o
                0x402f99dc                tps65217_voltage_update
 .text.tps65910_set_i2c_control
                0x402f9a34       0x54 drivers/power/pmic/built-in.o
                0x402f9a34                tps65910_set_i2c_control
 .text.tps65910_voltage_update
                0x402f9a88       0xec drivers/power/pmic/built-in.o
                0x402f9a88                tps65910_voltage_update
 .text.nand_command
                0x402f9b74      0x39c drivers/mtd/nand/built-in.o
 .text.nand_read_page
                0x402f9f10      0x148 drivers/mtd/nand/built-in.o
 .text.nand_spl_load_image
                0x402fa058       0xd0 drivers/mtd/nand/built-in.o
                0x402fa058                nand_spl_load_image
 .text.nand_init
                0x402fa128       0x5c drivers/mtd/nand/built-in.o
                0x402fa128                nand_init
 .text.nand_deselect
                0x402fa184       0x2c drivers/mtd/nand/built-in.o
                0x402fa184                nand_deselect
 .text.nand_read_buf
                0x402fa1b0       0x2c drivers/mtd/nand/built-in.o
                0x402fa1b0                nand_read_buf
 .text.nand_read_buf16
                0x402fa1dc       0x38 drivers/mtd/nand/built-in.o
                0x402fa1dc                nand_read_buf16
 .text.nand_wait_ready
                0x402fa214       0x4c drivers/mtd/nand/built-in.o
                0x402fa214                nand_wait_ready
 .text.omap_nand_hwcontrol
                0x402fa260       0xa0 drivers/mtd/nand/built-in.o
 .text.omap_spl_dev_ready
                0x402fa300       0x18 drivers/mtd/nand/built-in.o
                0x402fa300                omap_spl_dev_ready
 .text.omap_enable_hwecc
                0x402fa318       0xe4 drivers/mtd/nand/built-in.o
 .text.omap_calculate_ecc
                0x402fa3fc      0x19c drivers/mtd/nand/built-in.o
 .text.omap_read_page_bch
                0x402fa598      0x1bc drivers/mtd/nand/built-in.o
 .text.omap_reverse_list
                0x402fa754       0x34 drivers/mtd/nand/built-in.o
                0x402fa754                omap_reverse_list
 .text.omap_correct_data_bch
                0x402fa788      0x1d0 drivers/mtd/nand/built-in.o
 .text.board_nand_init
                0x402fa958      0x1f8 drivers/mtd/nand/built-in.o
                0x402fa958                board_nand_init
 .text.elm_check_error
                0x402fab50      0x1f8 drivers/mtd/nand/built-in.o
                0x402fab50                elm_check_error
 .text.elm_config
                0x402fad48       0x4c drivers/mtd/nand/built-in.o
                0x402fad48                elm_config
 .text.elm_reset
                0x402fad94       0x34 drivers/mtd/nand/built-in.o
                0x402fad94                elm_reset
 .text.elm_init
                0x402fadc8       0x18 drivers/mtd/nand/built-in.o
                0x402fadc8                elm_init
 .text.musb_gadget_enable
                0x402fade0      0x204 drivers/usb/musb-new/built-in.o
 .text.musb_gadget_fifo_status
                0x402fafe4       0x44 drivers/usb/musb-new/built-in.o
 .text.musb_gadget_fifo_flush
                0x402fb028       0x78 drivers/usb/musb-new/built-in.o
 .text.musb_gadget_get_frame
                0x402fb0a0        0xc drivers/usb/musb-new/built-in.o
 .text.musb_gadget_wakeup
                0x402fb0ac        0x8 drivers/usb/musb-new/built-in.o
 .text.musb_gadget_set_self_powered
                0x402fb0b4       0x1c drivers/usb/musb-new/built-in.o
 .text.musb_gadget_vbus_draw
                0x402fb0d0        0x8 drivers/usb/musb-new/built-in.o
 .text.txstate  0x402fb0d8       0xa4 drivers/usb/musb-new/built-in.o
 .text.musb_alloc_request
                0x402fb17c       0x30 drivers/usb/musb-new/built-in.o
                0x402fb17c                musb_alloc_request
 .text.musb_free_request
                0x402fb1ac        0x8 drivers/usb/musb-new/built-in.o
                0x402fb1ac                musb_free_request
 .text.init_peripheral_ep
                0x402fb1b4      0x10c drivers/usb/musb-new/built-in.o
 .text.musb_gadget_pullup
                0x402fb2c0       0x44 drivers/usb/musb-new/built-in.o
 .text.musb_g_giveback
                0x402fb304       0x50 drivers/usb/musb-new/built-in.o
                0x402fb304                musb_g_giveback
 .text.rxstate  0x402fb354       0xdc drivers/usb/musb-new/built-in.o
 .text.musb_gadget_dequeue
                0x402fb430       0x78 drivers/usb/musb-new/built-in.o
 .text.musb_gadget_disable
                0x402fb4a8       0x94 drivers/usb/musb-new/built-in.o
 .text.musb_g_tx
                0x402fb53c      0x138 drivers/usb/musb-new/built-in.o
                0x402fb53c                musb_g_tx
 .text.musb_g_rx
                0x402fb674       0x94 drivers/usb/musb-new/built-in.o
                0x402fb674                musb_g_rx
 .text.musb_ep_restart
                0x402fb708       0x20 drivers/usb/musb-new/built-in.o
                0x402fb708                musb_ep_restart
 .text.musb_gadget_set_halt
                0x402fb728      0x128 drivers/usb/musb-new/built-in.o
 .text.musb_gadget_queue
                0x402fb850       0xc8 drivers/usb/musb-new/built-in.o
 .text.musb_gadget_setup
                0x402fb918       0xdc drivers/usb/musb-new/built-in.o
                0x402fb918                musb_gadget_setup
 .text.musb_g_ep0_enable
                0x402fb9f4        0x8 drivers/usb/musb-new/built-in.o
 .text.musb_g_ep0_disable
                0x402fb9fc        0x8 drivers/usb/musb-new/built-in.o
 .text.musb_g_ep0_dequeue
                0x402fba04        0x8 drivers/usb/musb-new/built-in.o
 .text.musb_g_ep0_halt
                0x402fba0c       0xa4 drivers/usb/musb-new/built-in.o
 .text.ep0_txstate
                0x402fbab0       0xd4 drivers/usb/musb-new/built-in.o
 .text.musb_g_ep0_queue
                0x402fbb84      0x118 drivers/usb/musb-new/built-in.o
 .text.musb_g_ep0_irq
                0x402fbc9c      0x88c drivers/usb/musb-new/built-in.o
                0x402fbc9c                musb_g_ep0_irq
 .text.fifo_setup
                0x402fc528      0x158 drivers/usb/musb-new/built-in.o
 .text.musb_write_fifo
                0x402fc680       0xb8 drivers/usb/musb-new/built-in.o
                0x402fc680                musb_write_fifo
 .text.musb_read_fifo
                0x402fc738       0xb8 drivers/usb/musb-new/built-in.o
                0x402fc738                musb_read_fifo
 .text.musb_load_testpacket
                0x402fc7f0       0x34 drivers/usb/musb-new/built-in.o
                0x402fc7f0                musb_load_testpacket
 .text.musb_interrupt
                0x402fc824      0x140 drivers/usb/musb-new/built-in.o
                0x402fc824                musb_interrupt
 .text.musb_init_controller
                0x402fc964      0x5e8 drivers/usb/musb-new/built-in.o
                0x402fc964                musb_init_controller
 .text.musb_register
                0x402fcf4c       0x44 drivers/usb/musb-new/built-in.o
                0x402fcf4c                musb_register
 .text.musb_h_ep0_flush_fifo
                0x402fcf90       0x5c drivers/usb/musb-new/built-in.o
 .text.musb_h_tx_flush_fifo
                0x402fcfec       0x60 drivers/usb/musb-new/built-in.o
 .text.musb_start_urb
                0x402fd04c      0x4d4 drivers/usb/musb-new/built-in.o
 .text.musb_advance_schedule
                0x402fd520      0x208 drivers/usb/musb-new/built-in.o
 .text.musb_h_ep0_irq
                0x402fd728      0x288 drivers/usb/musb-new/built-in.o
                0x402fd728                musb_h_ep0_irq
 .text.musb_host_tx
                0x402fd9b0      0x1d0 drivers/usb/musb-new/built-in.o
                0x402fd9b0                musb_host_tx
 .text.musb_host_rx
                0x402fdb80      0x360 drivers/usb/musb-new/built-in.o
                0x402fdb80                musb_host_rx
 .text.dsps_musb_enable
                0x402fdee0       0x24 drivers/usb/musb-new/built-in.o
 .text.dsps_musb_disable
                0x402fdf04        0x4 drivers/usb/musb-new/built-in.o
 .text.dsps_musb_init
                0x402fdf08       0x70 drivers/usb/musb-new/built-in.o
 .text.dsps_musb_exit
                0x402fdf78       0x24 drivers/usb/musb-new/built-in.o
 .text.dsps_interrupt
                0x402fdf9c       0x9c drivers/usb/musb-new/built-in.o
 .text.hw_watchdog_reset
                0x402fe038       0x40 drivers/watchdog/built-in.o
                0x402fe038                hw_watchdog_reset
 .text.hw_watchdog_init
                0x402fe078       0x8c drivers/watchdog/built-in.o
                0x402fe078                hw_watchdog_init
 .text.raise    0x402fe104        0x8 arch/arm/lib/eabi_compat.o
                0x402fe104                raise
 .text          0x402fe10c      0x20c /opt/ti_tools/arm-2014.05/bin/../lib/gcc/arm-none-linux-gnueabi/4.8.3/libgcc.a(_udivsi3.o)
                0x402fe10c                __udivsi3
                0x402fe10c                __aeabi_uidiv
                0x402fe2f8                __aeabi_uidivmod
 .text          0x402fe318       0x1c /opt/ti_tools/arm-2014.05/bin/../lib/gcc/arm-none-linux-gnueabi/4.8.3/libgcc.a(_lshrdi3.o)
                0x402fe318                __aeabi_llsr
                0x402fe318                __lshrdi3
 .text          0x402fe334       0x1c /opt/ti_tools/arm-2014.05/bin/../lib/gcc/arm-none-linux-gnueabi/4.8.3/libgcc.a(_ashldi3.o)
                0x402fe334                __ashldi3
                0x402fe334                __aeabi_llsl
 .text          0x402fe350       0x10 /opt/ti_tools/arm-2014.05/bin/../lib/gcc/arm-none-linux-gnueabi/4.8.3/libgcc.a(_dvmd_lnx.o)
                0x402fe350                __aeabi_ldiv0
                0x402fe350                __aeabi_idiv0

.glue_7         0x402fe360        0x0
 .glue_7        0x00000000        0x0 linker stubs

.glue_7t        0x402fe360        0x0
 .glue_7t       0x00000000        0x0 linker stubs

.vfp11_veneer   0x402fe360        0x0
 .vfp11_veneer  0x00000000        0x0 linker stubs

.v4_bx          0x402fe360        0x0
 .v4_bx         0x00000000        0x0 linker stubs

.iplt           0x402fe360        0x0
 .iplt          0x00000000        0x0 arch/arm/cpu/armv7/start.o
                0x402fe360                . = ALIGN (0x4)

.rodata         0x402fe360     0x3c5e
 *(SORT(.rodata*))
 .rodata        0x402fe360       0x1c arch/arm/cpu/armv7/built-in.o
 .rodata        0x402fe37c       0x84 arch/arm/cpu/armv7/am33xx/built-in.o
 .rodata.dpll_ddr_regs
                0x402fe400       0x24 arch/arm/cpu/armv7/am33xx/built-in.o
                0x402fe400                dpll_ddr_regs
 .rodata.dpll_mpu
                0x402fe424       0x10 arch/arm/cpu/armv7/am33xx/built-in.o
                0x402fe424                dpll_mpu
 .rodata.dpll_per_regs
                0x402fe434       0x24 arch/arm/cpu/armv7/am33xx/built-in.o
                0x402fe434                dpll_per_regs
 .rodata.dpll_core_opp100
                0x402fe458       0x10 arch/arm/cpu/armv7/am33xx/built-in.o
                0x402fe458                dpll_core_opp100
 .rodata.dpll_core_regs
                0x402fe468       0x24 arch/arm/cpu/armv7/am33xx/built-in.o
                0x402fe468                dpll_core_regs
 .rodata.dpll_core
                0x402fe48c       0x10 arch/arm/cpu/armv7/am33xx/built-in.o
                0x402fe48c                dpll_core
 .rodata.dpll_per
                0x402fe49c       0x10 arch/arm/cpu/armv7/am33xx/built-in.o
                0x402fe49c                dpll_per
 .rodata.dpll_mpu_regs
                0x402fe4ac       0x24 arch/arm/cpu/armv7/am33xx/built-in.o
                0x402fe4ac                dpll_mpu_regs
 .rodata.cmwkup
                0x402fe4d0        0x4 arch/arm/cpu/armv7/am33xx/built-in.o
                0x402fe4d0                cmwkup
 .rodata.ddr_data_reg
                0x402fe4d4        0x8 arch/arm/cpu/armv7/am33xx/built-in.o
 .rodata.ddr_cmd_reg
                0x402fe4dc        0x8 arch/arm/cpu/armv7/am33xx/built-in.o
 .rodata.emif_reg
                0x402fe4e4        0x8 arch/arm/cpu/armv7/am33xx/built-in.o
 .rodata.vtpreg
                0x402fe4ec        0x8 arch/arm/cpu/armv7/am33xx/built-in.o
 .rodata.gpio_bank_am33xx
                0x402fe4f4       0x20 arch/arm/cpu/armv7/am33xx/built-in.o
 .rodata.omap_gpio_bank
                0x402fe514        0x4 arch/arm/cpu/armv7/am33xx/built-in.o
                0x402fe514                omap_gpio_bank
 .rodata.ddr3_evm_cmd_ctrl_data
                0x402fe518       0x30 board/ti/am335x/built-in.o
 .rodata.ddr3_beagleblack_data
                0x402fe548       0x18 board/ti/am335x/built-in.o
 .rodata.ioregs
                0x402fe560       0x20 board/ti/am335x/built-in.o
                0x402fe560                ioregs
 .rodata.dpll_ddr_evm_sk
                0x402fe580       0x10 board/ti/am335x/built-in.o
                0x402fe580                dpll_ddr_evm_sk
 .rodata.ddr3_data
                0x402fe590       0x18 board/ti/am335x/built-in.o
 .rodata.ioregs_evm15
                0x402fe5a8       0x20 board/ti/am335x/built-in.o
                0x402fe5a8                ioregs_evm15
 .rodata.ddr2_emif_reg_data
                0x402fe5c8       0x68 board/ti/am335x/built-in.o
 .rodata.ddr2_data
                0x402fe630       0x18 board/ti/am335x/built-in.o
 .rodata.ddr2_cmd_ctrl_data
                0x402fe648       0x30 board/ti/am335x/built-in.o
 .rodata.ddr3_cmd_ctrl_data
                0x402fe678       0x30 board/ti/am335x/built-in.o
 .rodata.ddr3_evm_data
                0x402fe6a8       0x18 board/ti/am335x/built-in.o
 .rodata.dpll_ddr
                0x402fe6c0       0x10 board/ti/am335x/built-in.o
                0x402fe6c0                dpll_ddr
 .rodata.ddr3_beagleblack_cmd_ctrl_data
                0x402fe6d0       0x30 board/ti/am335x/built-in.o
 .rodata.ioregs_evmsk
                0x402fe700       0x20 board/ti/am335x/built-in.o
                0x402fe700                ioregs_evmsk
 .rodata.dpll_ddr_bone_black
                0x402fe720       0x10 board/ti/am335x/built-in.o
                0x402fe720                dpll_ddr_bone_black
 .rodata.ioregs_bonelt
                0x402fe730       0x20 board/ti/am335x/built-in.o
                0x402fe730                ioregs_bonelt
 .rodata.CSWTCH.28
                0x402fe750       0x20 common/built-in.o
 .rodata.multipliers
                0x402fe770       0x40 drivers/mmc/built-in.o
 .rodata.fbase  0x402fe7b0       0x10 drivers/mmc/built-in.o
 .rodata.ext_csd_bits.6723
                0x402fe7c0       0x14 drivers/mmc/built-in.o
 .rodata.ext_to_hostcaps.6724
                0x402fe7d4       0x1c drivers/mmc/built-in.o
 .rodata.widths.6725
                0x402fe7f0       0x14 drivers/mmc/built-in.o
 .rodata.omap_hsmmc_ops
                0x402fe804       0x14 drivers/mmc/built-in.o
 .rodata.serial_ports
                0x402fe818       0x18 drivers/serial/built-in.o
 .rodata.crc_table
                0x402fe830      0x400 lib/built-in.o
 .rodata.nand_ecc_pos
                0x402fec30      0x340 drivers/mtd/nand/built-in.o
 .rodata.musb_ep_ops
                0x402fef70       0x28 drivers/usb/musb-new/built-in.o
 .rodata.musb_gadget_operations
                0x402fef98       0x24 drivers/usb/musb-new/built-in.o
 .rodata.musb_g_ep0_ops
                0x402fefbc       0x28 drivers/usb/musb-new/built-in.o
                0x402fefbc                musb_g_ep0_ops
 .rodata.CSWTCH.17
                0x402fefe4       0x1c drivers/usb/musb-new/built-in.o
 .rodata.crc16_tab
                0x402ff000      0x200 lib/built-in.o
 .rodata.str1.1
                0x402ff200      0x273 arch/arm/lib/built-in.o
                                0x28a (size before relaxing)
 .rodata.str1.1
                0x402ff473       0x8e arch/arm/cpu/armv7/am33xx/built-in.o
 .rodata.str1.1
                0x402ff501       0xe2 board/ti/am335x/built-in.o
                                0x106 (size before relaxing)
 .rodata.str1.1
                0x402ff5e3      0x11c common/spl/built-in.o
 .rodata.__func__.6416
                0x402ff6ff       0x18 common/spl/built-in.o
 .rodata.__func__.6425
                0x402ff717       0x13 common/spl/built-in.o
 .rodata.str1.1
                0x402ff72a      0xcf1 common/built-in.o
                                0xd49 (size before relaxing)
 .rodata.str1.1
                0x4030041b      0x7d2 disk/built-in.o
                                0x802 (size before relaxing)
 .rodata.__func__.6547
                0x40300bed        0xd disk/built-in.o
 .rodata.__func__.6542
                0x40300bfa       0x17 disk/built-in.o
 .rodata.__func__.6441
                0x40300c11       0x17 disk/built-in.o
 .rodata.__func__.6534
                0x40300c28        0xd disk/built-in.o
 .rodata.str1.1
                0x40300c35      0x4f4 drivers/i2c/built-in.o
 .rodata.str1.1
                0x40301129       0x79 drivers/gpio/built-in.o
 .rodata.str1.1
                0x403011a2      0x2d1 drivers/mmc/built-in.o
                                0x2d3 (size before relaxing)
 .rodata.__func__.7487
                0x40301473       0x13 drivers/mmc/built-in.o
 .rodata.__func__.7324
                0x40301486       0x19 drivers/mmc/built-in.o
 .rodata.__func__.7387
                0x4030149f        0xe drivers/mmc/built-in.o
 .rodata.__func__.7230
                0x403014ad       0x10 drivers/mmc/built-in.o
 .rodata.__func__.7339
                0x403014bd       0x14 drivers/mmc/built-in.o
 .rodata.__func__.7260
                0x403014d1       0x16 drivers/mmc/built-in.o
 .rodata.__func__.7422
                0x403014e7        0xf drivers/mmc/built-in.o
 .rodata.str1.1
                0x403014f6       0x15 drivers/serial/built-in.o
 .rodata.str1.1
                0x4030150b      0x290 fs/built-in.o
                                0x2bb (size before relaxing)
 .rodata        0x4030179b       0x20 lib/built-in.o
 .rodata.str1.1
                0x403017bb      0x131 lib/built-in.o
                                0x138 (size before relaxing)
 .rodata._ctype
                0x403018ec      0x100 lib/built-in.o
                0x403018ec                _ctype
 .rodata.hex_asc
                0x403019ec       0x11 lib/built-in.o
 .rodata.digits.6355
                0x403019fd       0x10 lib/built-in.o
 .rodata.str1.1
                0x40301a0d      0x1cc drivers/mtd/nand/built-in.o
 .rodata.str1.1
                0x40301bd9      0x336 drivers/usb/musb-new/built-in.o
                                0x36b (size before relaxing)
 .rodata.__func__.8045
                0x40301f0f        0xf drivers/usb/musb-new/built-in.o
 .rodata.musb_driver_name
                0x40301f1e        0xa drivers/usb/musb-new/built-in.o
                0x40301f1e                musb_driver_name
 .rodata.musb_test_packet
                0x40301f28       0x35 drivers/usb/musb-new/built-in.o
 .rodata.__FUNCTION__.8041
                0x40301f5d       0x12 drivers/usb/musb-new/built-in.o
 .rodata.__func__.8157
                0x40301f6f        0xd drivers/usb/musb-new/built-in.o
 .rodata.__func__.8109
                0x40301f7c        0xf drivers/usb/musb-new/built-in.o
 .rodata.__func__.8072
                0x40301f8b       0x10 drivers/usb/musb-new/built-in.o
 .rodata.__func__.8031
                0x40301f9b        0xf drivers/usb/musb-new/built-in.o
 .rodata.__func__.8095
                0x40301faa       0x14 drivers/usb/musb-new/built-in.o

.rel.dyn        0x40301fc0        0x0
 .rel.iplt      0x00000000        0x0 arch/arm/cpu/armv7/start.o
                0x40301fc0                . = ALIGN (0x4)

.data           0x40301fc0      0xc20
 *(SORT(.data*))
 .data          0x40301fc0       0xb8 arch/arm/lib/built-in.o
                0x40301fc0                gdata
 .data.dpll_mpu_opp100
                0x40302078       0x10 arch/arm/cpu/armv7/am33xx/built-in.o
                0x40302078                dpll_mpu_opp100
 .data.cstat    0x40302088        0x4 arch/arm/cpu/armv7/am33xx/built-in.o
                0x40302088                cstat
 .data.musb_config
                0x4030208c       0x18 arch/arm/cpu/armv7/am33xx/built-in.o
 .data.otg1_board_data
                0x403020a4       0x10 arch/arm/cpu/armv7/am33xx/built-in.o
                0x403020a4                otg1_board_data
 .data.otg1_plat
                0x403020b4       0x20 arch/arm/cpu/armv7/am33xx/built-in.o
 .data.otg0_board_data
                0x403020d4       0x10 arch/arm/cpu/armv7/am33xx/built-in.o
                0x403020d4                otg0_board_data
 .data.otg0_plat
                0x403020e4       0x20 arch/arm/cpu/armv7/am33xx/built-in.o
 .data.spi0_pin_mux
                0x40302104       0x28 board/ti/am335x/built-in.o
 .data.nand_pin_mux
                0x4030212c       0x80 board/ti/am335x/built-in.o
 .data.mmc1_pin_mux
                0x403021ac       0x48 board/ti/am335x/built-in.o
 .data.mii1_pin_mux
                0x403021f4       0x80 board/ti/am335x/built-in.o
 .data.i2c0_pin_mux
                0x40302274       0x18 board/ti/am335x/built-in.o
 .data.mmc0_pin_mux_sk_evm
                0x4030228c       0x40 board/ti/am335x/built-in.o
 .data.gpio0_7_pin_mux
                0x403022cc       0x10 board/ti/am335x/built-in.o
 .data.gpio1_28_pin_mux
                0x403022dc       0x10 board/ti/am335x/built-in.o
 .data.rgmii1_pin_mux
                0x403022ec       0x78 board/ti/am335x/built-in.o
 .data.mmc0_no_cd_pin_mux
                0x40302364       0x40 board/ti/am335x/built-in.o
 .data.i2c1_pin_mux
                0x403023a4        0x8 board/ti/am335x/built-in.o
 .data.mmc0_pin_mux
                0x403023ac       0x48 board/ti/am335x/built-in.o
 .data.uart0_pin_mux
                0x403023f4       0x18 board/ti/am335x/built-in.o
 .data.ddr3_evm_emif_reg_data
                0x4030240c       0x68 board/ti/am335x/built-in.o
 .data.ddr3_beagleblack_emif_reg_data
                0x40302474       0x68 board/ti/am335x/built-in.o
 .data.ddr3_emif_reg_data
                0x403024dc       0x68 board/ti/am335x/built-in.o
 .data          0x40302544       0x50 common/spl/built-in.o
 .data.av_      0x40302594      0x408 common/built-in.o
 .data.sbrk_base
                0x4030299c        0x4 common/built-in.o
 .data.trim_threshold
                0x403029a0        0x4 common/built-in.o
 .data.cur_dev_num
                0x403029a4        0x4 drivers/mmc/built-in.o
 .data.eserial1_device
                0x403029a8       0x30 drivers/serial/built-in.o
                0x403029a8                eserial1_device
 .data.musb_dsps_ops
                0x403029d8       0x24 drivers/usb/musb-new/built-in.o
                0x403029d8                musb_dsps_ops
 .data.wdt_trgr_pattern
                0x403029fc        0x4 drivers/watchdog/built-in.o
 .data.mode_3_cfg
                0x40302a00       0x24 drivers/usb/musb-new/built-in.o
 .data.mode_4_cfg
                0x40302a24       0xa2 drivers/usb/musb-new/built-in.o
 .data.mode_5_cfg
                0x40302ac6       0xa2 drivers/usb/musb-new/built-in.o
 .data.mode_0_cfg
                0x40302b68       0x1e drivers/usb/musb-new/built-in.o
 .data.ep0_cfg  0x40302b86        0x6 drivers/usb/musb-new/built-in.o
 .data.mode_1_cfg
                0x40302b8c       0x1e drivers/usb/musb-new/built-in.o
 .data.mode_2_cfg
                0x40302baa       0x24 drivers/usb/musb-new/built-in.o
 .data.fifo_mode
                0x40302bce        0x2 drivers/usb/musb-new/built-in.o
 .data.system_guid
                0x40302bd0       0x10 disk/built-in.o

.igot.plt       0x40302be0        0x0
 .igot.plt      0x00000000        0x0 arch/arm/cpu/armv7/start.o

.__bss_end      0x40302be0        0x0
 .__bss_end     0x40302be0        0x0 arch/arm/lib/built-in.o

.__bss_start    0x40302be0        0x0
 .__bss_start   0x40302be0        0x0 arch/arm/lib/built-in.o

.u_boot_list    0x40302be0       0x84
 *(SORT(.u_boot_list*))
 .u_boot_list_2_i2c_1
                0x40302be0        0x0 drivers/i2c/built-in.o
 .u_boot_list_2_i2c_2_omap24_0
                0x40302be0       0x2c drivers/i2c/built-in.o
                0x40302be0                _u_boot_list_2_i2c_2_omap24_0
 .u_boot_list_2_i2c_2_omap24_1
                0x40302c0c       0x2c drivers/i2c/built-in.o
                0x40302c0c                _u_boot_list_2_i2c_2_omap24_1
 .u_boot_list_2_i2c_2_omap24_2
                0x40302c38       0x2c drivers/i2c/built-in.o
                0x40302c38                _u_boot_list_2_i2c_2_omap24_2
 .u_boot_list_2_i2c_3
                0x40302c64        0x0 drivers/i2c/built-in.o
                0x40302c64                . = ALIGN (0x4)
                0x40302c64                __image_copy_end = .

.end
 *(.__end)

.bss            0x80a00000    0x31378
                0x80a00000                . = ALIGN (0x4)
                0x80a00000                __bss_start = .
 *(.bss*)
 .bss.gpmc_cfg  0x80a00000        0x4 arch/arm/cpu/armv7/built-in.o
                0x80a00000                gpmc_cfg
 .bss.spl_image
                0x80a00004       0x18 common/spl/built-in.o
                0x80a00004                spl_image
 .bss.fat_registered
                0x80a0001c        0x4 common/spl/built-in.o
 .bss.xyz       0x80a00020      0x434 common/built-in.o
 .bss.max_total_mem
                0x80a00454        0x4 common/built-in.o
 .bss.mem_malloc_brk
                0x80a00458        0x4 common/built-in.o
                0x80a00458                mem_malloc_brk
 .bss.max_sbrked_mem
                0x80a0045c        0x4 common/built-in.o
 .bss.current_mallinfo
                0x80a00460       0x28 common/built-in.o
 .bss.mem_malloc_end
                0x80a00488        0x4 common/built-in.o
                0x80a00488                mem_malloc_end
 .bss.top_pad   0x80a0048c        0x4 common/built-in.o
 .bss.mem_malloc_start
                0x80a00490        0x4 common/built-in.o
                0x80a00490                mem_malloc_start
 .bss.stdio_devices
                0x80a00494        0xc common/built-in.o
                0x80a00494                stdio_devices
 .bss.name.6409
                0x80a004a0       0x25 disk/built-in.o
 *fill*         0x80a004c5        0x3 
 .bss.mmc_devices
                0x80a004c8        0x8 drivers/mmc/built-in.o
 .bss.serial_current
                0x80a004d0        0x4 drivers/serial/built-in.o
 *fill*         0x80a004d4       0x2c 
 .bss.get_contents_vfatname_block
                0x80a00500    0x10000 fs/built-in.o
                0x80a00500                get_contents_vfatname_block
 .bss.do_fat_read_at_block
                0x80a10500    0x10000 fs/built-in.o
                0x80a10500                do_fat_read_at_block
 .bss.get_dentfromdir_block
                0x80a20500    0x10000 fs/built-in.o
                0x80a20500                get_dentfromdir_block
 .bss.cur_part_info
                0x80a30500       0x78 fs/built-in.o
 .bss.cur_dev   0x80a30578        0x4 fs/built-in.o
 *fill*         0x80a3057c        0x4 
 .bss.nand_info
                0x80a30580       0xb0 drivers/mtd/nand/built-in.o
                0x80a30580                nand_info
 .bss.nand_chip
                0x80a30630      0x228 drivers/mtd/nand/built-in.o
 .bss.omap_ecclayout
                0x80a30858      0xb08 drivers/mtd/nand/built-in.o
 .bss.cs        0x80a31360        0x1 drivers/mtd/nand/built-in.o
 *fill*         0x80a31361        0x3 
 .bss.omap_nand_info
                0x80a31364        0x8 drivers/mtd/nand/built-in.o
 .bss.elm_cfg   0x80a3136c        0x4 drivers/mtd/nand/built-in.o
                0x80a3136c                elm_cfg
 .bss.host      0x80a31370        0x4 drivers/usb/musb-new/built-in.o
 .bss.gadget    0x80a31374        0x4 drivers/usb/musb-new/built-in.o
                0x80a31378                . = ALIGN (0x4)
                0x80a31378                __bss_end = .
Address of section .text set to 0x402f0400
LOAD arch/arm/cpu/armv7/start.o
START GROUP
LOAD arch/arm/lib/built-in.o
LOAD arch/arm/cpu/armv7/built-in.o
LOAD arch/arm/cpu/armv7/am33xx/built-in.o
LOAD board/ti/am335x/built-in.o
LOAD common/spl/built-in.o
LOAD common/built-in.o
LOAD disk/built-in.o
LOAD drivers/i2c/built-in.o
LOAD drivers/gpio/built-in.o
LOAD drivers/mmc/built-in.o
LOAD drivers/serial/built-in.o
LOAD fs/built-in.o
LOAD lib/built-in.o
LOAD drivers/power/built-in.o
LOAD drivers/power/pmic/built-in.o
LOAD drivers/mtd/built-in.o
LOAD drivers/mtd/nand/built-in.o
LOAD drivers/usb/musb-new/built-in.o
LOAD drivers/watchdog/built-in.o
LOAD arch/arm/cpu/built-in.o
END GROUP
LOAD arch/arm/lib/eabi_compat.o
LOAD /opt/ti_tools/arm-2014.05/bin/../lib/gcc/arm-none-linux-gnueabi/4.8.3/libgcc.a
OUTPUT(u-boot-spl elf32-littlearm)

.ARM.attributes
                0x00000000       0x29
 .ARM.attributes
                0x00000000       0x1d arch/arm/cpu/armv7/start.o
 .ARM.attributes
                0x0000001d       0x29 arch/arm/lib/built-in.o
 .ARM.attributes
                0x00000046       0x2b arch/arm/cpu/armv7/built-in.o
 .ARM.attributes
                0x00000071       0x2d arch/arm/cpu/armv7/am33xx/built-in.o
 .ARM.attributes
                0x0000009e       0x2d board/ti/am335x/built-in.o
 .ARM.attributes
                0x000000cb       0x2d common/spl/built-in.o
 .ARM.attributes
                0x000000f8       0x2d common/built-in.o
 .ARM.attributes
                0x00000125       0x2d disk/built-in.o
 .ARM.attributes
                0x00000152       0x2d drivers/i2c/built-in.o
 .ARM.attributes
                0x0000017f       0x2d drivers/gpio/built-in.o
 .ARM.attributes
                0x000001ac       0x2d drivers/mmc/built-in.o
 .ARM.attributes
                0x000001d9       0x2d drivers/serial/built-in.o
 .ARM.attributes
                0x00000206       0x2d fs/built-in.o
 .ARM.attributes
                0x00000233       0x2d lib/built-in.o
 .ARM.attributes
                0x00000260       0x2d drivers/power/pmic/built-in.o
 .ARM.attributes
                0x0000028d       0x2d drivers/mtd/nand/built-in.o
 .ARM.attributes
                0x000002ba       0x2d drivers/usb/musb-new/built-in.o
 .ARM.attributes
                0x000002e7       0x2d drivers/watchdog/built-in.o
 .ARM.attributes
                0x00000314       0x2d arch/arm/lib/eabi_compat.o
 .ARM.attributes
                0x00000341       0x1d /opt/ti_tools/arm-2014.05/bin/../lib/gcc/arm-none-linux-gnueabi/4.8.3/libgcc.a(_udivsi3.o)
 .ARM.attributes
                0x0000035e       0x1d /opt/ti_tools/arm-2014.05/bin/../lib/gcc/arm-none-linux-gnueabi/4.8.3/libgcc.a(_lshrdi3.o)
 .ARM.attributes
                0x0000037b       0x1d /opt/ti_tools/arm-2014.05/bin/../lib/gcc/arm-none-linux-gnueabi/4.8.3/libgcc.a(_ashldi3.o)
 .ARM.attributes
                0x00000398       0x1d /opt/ti_tools/arm-2014.05/bin/../lib/gcc/arm-none-linux-gnueabi/4.8.3/libgcc.a(_dvmd_lnx.o)

.comment        0x00000000       0x46
 .comment       0x00000000       0x46 arch/arm/lib/built-in.o
                                0x1aa (size before relaxing)
 .comment       0x00000000      0x27f arch/arm/cpu/armv7/built-in.o
 .comment       0x00000000      0x1f1 arch/arm/cpu/armv7/am33xx/built-in.o
 .comment       0x00000000       0x8e board/ti/am335x/built-in.o
 .comment       0x00000000      0x163 common/spl/built-in.o
 .comment       0x00000000      0x27f common/built-in.o
 .comment       0x00000000       0xd5 disk/built-in.o
 .comment       0x00000000       0x8e drivers/i2c/built-in.o
 .comment       0x00000000       0x47 drivers/gpio/built-in.o
 .comment       0x00000000       0x8e drivers/mmc/built-in.o
 .comment       0x00000000       0xd5 drivers/serial/built-in.o
 .comment       0x00000000       0x47 fs/built-in.o
 .comment       0x00000000      0x39b lib/built-in.o
 .comment       0x00000000       0x8e drivers/power/pmic/built-in.o
 .comment       0x00000000      0x163 drivers/mtd/nand/built-in.o
 .comment       0x00000000      0x1aa drivers/usb/musb-new/built-in.o
 .comment       0x00000000       0x47 drivers/watchdog/built-in.o
 .comment       0x00000000       0x47 arch/arm/lib/eabi_compat.o

.vectors        0x00000000       0x60
 .vectors       0x00000000       0x60 arch/arm/lib/built-in.o
                0x00000000                _start
                0x00000024                _undefined_instruction
                0x00000028                _software_interrupt
                0x0000002c                _prefetch_abort
                0x00000030                _data_abort
                0x00000034                _not_used
                0x00000038                _irq
                0x0000003c                _fiq

.note.GNU-stack
                0x00000000        0x0
 .note.GNU-stack
                0x00000000        0x0 arch/arm/lib/built-in.o
 .note.GNU-stack
                0x00000000        0x0 arch/arm/cpu/armv7/built-in.o
 .note.GNU-stack
                0x00000000        0x0 arch/arm/cpu/armv7/am33xx/built-in.o
 .note.GNU-stack
                0x00000000        0x0 board/ti/am335x/built-in.o
 .note.GNU-stack
                0x00000000        0x0 common/spl/built-in.o
 .note.GNU-stack
                0x00000000        0x0 common/built-in.o
 .note.GNU-stack
                0x00000000        0x0 disk/built-in.o
 .note.GNU-stack
                0x00000000        0x0 drivers/i2c/built-in.o
 .note.GNU-stack
                0x00000000        0x0 drivers/gpio/built-in.o
 .note.GNU-stack
                0x00000000        0x0 drivers/mmc/built-in.o
 .note.GNU-stack
                0x00000000        0x0 drivers/serial/built-in.o
 .note.GNU-stack
                0x00000000        0x0 fs/built-in.o
 .note.GNU-stack
                0x00000000        0x0 lib/built-in.o
 .note.GNU-stack
                0x00000000        0x0 drivers/power/pmic/built-in.o
 .note.GNU-stack
                0x00000000        0x0 drivers/mtd/nand/built-in.o
 .note.GNU-stack
                0x00000000        0x0 drivers/usb/musb-new/built-in.o
 .note.GNU-stack
                0x00000000        0x0 drivers/watchdog/built-in.o
 .note.GNU-stack
                0x00000000        0x0 arch/arm/lib/eabi_compat.o
 .note.GNU-stack
                0x00000000        0x0 /opt/ti_tools/arm-2014.05/bin/../lib/gcc/arm-none-linux-gnueabi/4.8.3/libgcc.a(_udivsi3.o)
 .note.GNU-stack
                0x00000000        0x0 /opt/ti_tools/arm-2014.05/bin/../lib/gcc/arm-none-linux-gnueabi/4.8.3/libgcc.a(_lshrdi3.o)
 .note.GNU-stack
                0x00000000        0x0 /opt/ti_tools/arm-2014.05/bin/../lib/gcc/arm-none-linux-gnueabi/4.8.3/libgcc.a(_ashldi3.o)
 .note.GNU-stack
                0x00000000        0x0 /opt/ti_tools/arm-2014.05/bin/../lib/gcc/arm-none-linux-gnueabi/4.8.3/libgcc.a(_dvmd_lnx.o)

.debug_line     0x00000000     0xfdf9
 .debug_line    0x00000000       0x94 arch/arm/cpu/armv7/start.o
 .debug_line    0x00000094      0xa7d arch/arm/lib/built-in.o
 .debug_line    0x00000b11     0x112b arch/arm/cpu/armv7/built-in.o
 .debug_line    0x00001c3c      0xff9 arch/arm/cpu/armv7/am33xx/built-in.o
 .debug_line    0x00002c35      0x6b7 board/ti/am335x/built-in.o
 .debug_line    0x000032ec      0x84c common/spl/built-in.o
 .debug_line    0x00003b38     0x207a common/built-in.o
 .debug_line    0x00005bb2      0xcd9 disk/built-in.o
 .debug_line    0x0000688b      0x69c drivers/i2c/built-in.o
 .debug_line    0x00006f27      0x23d drivers/gpio/built-in.o
 .debug_line    0x00007164      0xd7d drivers/mmc/built-in.o
 .debug_line    0x00007ee1      0x8fa drivers/serial/built-in.o
 .debug_line    0x000087db      0xb67 fs/built-in.o
 .debug_line    0x00009342     0x1bd4 lib/built-in.o
 .debug_line    0x0000af16      0x358 drivers/power/pmic/built-in.o
 .debug_line    0x0000b26e     0x1d37 drivers/mtd/nand/built-in.o
 .debug_line    0x0000cfa5     0x2b7b drivers/usb/musb-new/built-in.o
 .debug_line    0x0000fb20      0x19d drivers/watchdog/built-in.o
 .debug_line    0x0000fcbd      0x13c arch/arm/lib/eabi_compat.o

.debug_info     0x00000000    0x56caf
 .debug_info    0x00000000       0x79 arch/arm/cpu/armv7/start.o
 .debug_info    0x00000079     0x270b arch/arm/lib/built-in.o
 .debug_info    0x00002784     0x4026 arch/arm/cpu/armv7/built-in.o
 .debug_info    0x000067aa     0x79d1 arch/arm/cpu/armv7/am33xx/built-in.o
 .debug_info    0x0000e17b     0x31da board/ti/am335x/built-in.o
 .debug_info    0x00011355     0x2edd common/spl/built-in.o
 .debug_info    0x00014232     0x9956 common/built-in.o
 .debug_info    0x0001db88     0x4203 disk/built-in.o
 .debug_info    0x00021d8b     0x281d drivers/i2c/built-in.o
 .debug_info    0x000245a8      0x934 drivers/gpio/built-in.o
 .debug_info    0x00024edc     0x475d drivers/mmc/built-in.o
 .debug_info    0x00029639     0x298a drivers/serial/built-in.o
 .debug_info    0x0002bfc3     0x3abf fs/built-in.o
 .debug_info    0x0002fa82     0x5d05 lib/built-in.o
 .debug_info    0x00035787      0xc11 drivers/power/pmic/built-in.o
 .debug_info    0x00036398     0xb40d drivers/mtd/nand/built-in.o
 .debug_info    0x000417a5    0x14a30 drivers/usb/musb-new/built-in.o
 .debug_info    0x000561d5      0x76b drivers/watchdog/built-in.o
 .debug_info    0x00056940      0x36f arch/arm/lib/eabi_compat.o

.debug_abbrev   0x00000000     0xdefb
 .debug_abbrev  0x00000000       0x14 arch/arm/cpu/armv7/start.o
 .debug_abbrev  0x00000014      0x9aa arch/arm/lib/built-in.o
 .debug_abbrev  0x000009be     0x118a arch/arm/cpu/armv7/built-in.o
 .debug_abbrev  0x00001b48     0x13a8 arch/arm/cpu/armv7/am33xx/built-in.o
 .debug_abbrev  0x00002ef0      0x603 board/ti/am335x/built-in.o
 .debug_abbrev  0x000034f3      0xc22 common/spl/built-in.o
 .debug_abbrev  0x00004115     0x1f65 common/built-in.o
 .debug_abbrev  0x0000607a      0xc32 disk/built-in.o
 .debug_abbrev  0x00006cac      0x74e drivers/i2c/built-in.o
 .debug_abbrev  0x000073fa      0x258 drivers/gpio/built-in.o
 .debug_abbrev  0x00007652      0xb09 drivers/mmc/built-in.o
 .debug_abbrev  0x0000815b      0x791 drivers/serial/built-in.o
 .debug_abbrev  0x000088ec      0x542 fs/built-in.o
 .debug_abbrev  0x00008e2e     0x18eb lib/built-in.o
 .debug_abbrev  0x0000a719      0x305 drivers/power/pmic/built-in.o
 .debug_abbrev  0x0000aa1e     0x12f5 drivers/mtd/nand/built-in.o
 .debug_abbrev  0x0000bd13     0x1eba drivers/usb/musb-new/built-in.o
 .debug_abbrev  0x0000dbcd      0x212 drivers/watchdog/built-in.o
 .debug_abbrev  0x0000dddf      0x11c arch/arm/lib/eabi_compat.o

.debug_aranges  0x00000000     0x1d18
 .debug_aranges
                0x00000000       0x20 arch/arm/cpu/armv7/start.o
 .debug_aranges
                0x00000020      0x1c0 arch/arm/lib/built-in.o
 .debug_aranges
                0x000001e0      0x270 arch/arm/cpu/armv7/built-in.o
 .debug_aranges
                0x00000450      0x1c8 arch/arm/cpu/armv7/am33xx/built-in.o
 .debug_aranges
                0x00000618       0xa8 board/ti/am335x/built-in.o
 .debug_aranges
                0x000006c0       0xc8 common/spl/built-in.o
 .debug_aranges
                0x00000788      0x428 common/built-in.o
 .debug_aranges
                0x00000bb0      0x120 disk/built-in.o
 .debug_aranges
                0x00000cd0       0xf0 drivers/i2c/built-in.o
 .debug_aranges
                0x00000dc0       0x60 drivers/gpio/built-in.o
 .debug_aranges
                0x00000e20      0x198 drivers/mmc/built-in.o
 .debug_aranges
                0x00000fb8      0x248 drivers/serial/built-in.o
 .debug_aranges
                0x00001200      0x118 fs/built-in.o
 .debug_aranges
                0x00001318      0x398 lib/built-in.o
 .debug_aranges
                0x000016b0       0x58 drivers/power/pmic/built-in.o
 .debug_aranges
                0x00001708      0x2f8 drivers/mtd/nand/built-in.o
 .debug_aranges
                0x00001a00      0x2b8 drivers/usb/musb-new/built-in.o
 .debug_aranges
                0x00001cb8       0x30 drivers/watchdog/built-in.o
 .debug_aranges
                0x00001ce8       0x30 arch/arm/lib/eabi_compat.o

.debug_frame    0x00000000     0x47f4
 .debug_frame   0x00000000      0x2d0 arch/arm/lib/built-in.o
 .debug_frame   0x000002d0      0x434 arch/arm/cpu/armv7/built-in.o
 .debug_frame   0x00000704      0x340 arch/arm/cpu/armv7/am33xx/built-in.o
 .debug_frame   0x00000a44      0x15c board/ti/am335x/built-in.o
 .debug_frame   0x00000ba0      0x148 common/spl/built-in.o
 .debug_frame   0x00000ce8      0xaf0 common/built-in.o
 .debug_frame   0x000017d8      0x39c disk/built-in.o
 .debug_frame   0x00001b74      0x2c4 drivers/i2c/built-in.o
 .debug_frame   0x00001e38       0xdc drivers/gpio/built-in.o
 .debug_frame   0x00001f14      0x484 drivers/mmc/built-in.o
 .debug_frame   0x00002398      0x50c drivers/serial/built-in.o
 .debug_frame   0x000028a4      0x3d0 fs/built-in.o
 .debug_frame   0x00002c74      0x8e8 lib/built-in.o
 .debug_frame   0x0000355c       0xb8 drivers/power/pmic/built-in.o
 .debug_frame   0x00003614      0x9b4 drivers/mtd/nand/built-in.o
 .debug_frame   0x00003fc8      0x78c drivers/usb/musb-new/built-in.o
 .debug_frame   0x00004754       0x40 drivers/watchdog/built-in.o
 .debug_frame   0x00004794       0x40 arch/arm/lib/eabi_compat.o
 .debug_frame   0x000047d4       0x20 /opt/ti_tools/arm-2014.05/bin/../lib/gcc/arm-none-linux-gnueabi/4.8.3/libgcc.a(_udivsi3.o)

.debug_str      0x00000000     0xbd47
 .debug_str     0x00000000      0x945 arch/arm/lib/built-in.o
                               0x1d86 (size before relaxing)
 .debug_str     0x00000945      0x907 arch/arm/cpu/armv7/built-in.o
                               0x3249 (size before relaxing)
 .debug_str     0x0000124c     0x21a4 arch/arm/cpu/armv7/am33xx/built-in.o
                               0x5ab1 (size before relaxing)
 .debug_str     0x000033f0      0xdd8 board/ti/am335x/built-in.o
                               0x203d (size before relaxing)
 .debug_str     0x000041c8      0x5ad common/spl/built-in.o
                               0x21c2 (size before relaxing)
 .debug_str     0x00004775     0x1cf8 common/built-in.o
                               0x565a (size before relaxing)
 .debug_str     0x0000646d      0x776 disk/built-in.o
                               0x1b32 (size before relaxing)
 .debug_str     0x00006be3      0x36a drivers/i2c/built-in.o
                                0xf8d (size before relaxing)
 .debug_str     0x00006f4d       0xe4 drivers/gpio/built-in.o
                                0x4ee (size before relaxing)
 .debug_str     0x00007031      0x520 drivers/mmc/built-in.o
                               0x1553 (size before relaxing)
 .debug_str     0x00007551      0x5ea drivers/serial/built-in.o
                               0x1567 (size before relaxing)
 .debug_str     0x00007b3b      0x6d0 fs/built-in.o
                                0xd17 (size before relaxing)
 .debug_str     0x0000820b      0x607 lib/built-in.o
                               0x3a07 (size before relaxing)
 .debug_str     0x00008812      0x137 drivers/power/pmic/built-in.o
                                0xb4e (size before relaxing)
 .debug_str     0x00008949     0x1592 drivers/mtd/nand/built-in.o
                               0x468d (size before relaxing)
 .debug_str     0x00009edb     0x1d8b drivers/usb/musb-new/built-in.o
                               0x9696 (size before relaxing)
 .debug_str     0x0000bc66       0x76 drivers/watchdog/built-in.o
                                0x4f1 (size before relaxing)
 .debug_str     0x0000bcdc       0x6b arch/arm/lib/eabi_compat.o
                                0x403 (size before relaxing)

.debug_loc      0x00000000    0x244c7
 .debug_loc     0x00000000      0x482 arch/arm/lib/built-in.o
 .debug_loc     0x00000482      0xb23 arch/arm/cpu/armv7/built-in.o
 .debug_loc     0x00000fa5     0x147f arch/arm/cpu/armv7/am33xx/built-in.o
 .debug_loc     0x00002424      0x29c board/ti/am335x/built-in.o
 .debug_loc     0x000026c0      0x3a7 common/spl/built-in.o
 .debug_loc     0x00002a67     0x412d common/built-in.o
 .debug_loc     0x00006b94     0x1c21 disk/built-in.o
 .debug_loc     0x000087b5     0x1405 drivers/i2c/built-in.o
 .debug_loc     0x00009bba      0x619 drivers/gpio/built-in.o
 .debug_loc     0x0000a1d3     0x1db8 drivers/mmc/built-in.o
 .debug_loc     0x0000bf8b      0x6ba drivers/serial/built-in.o
 .debug_loc     0x0000c645     0x3e71 fs/built-in.o
 .debug_loc     0x000104b6     0x4687 lib/built-in.o
 .debug_loc     0x00014b3d      0x222 drivers/power/pmic/built-in.o
 .debug_loc     0x00014d5f     0x72e1 drivers/mtd/nand/built-in.o
 .debug_loc     0x0001c040     0x83c2 drivers/usb/musb-new/built-in.o
 .debug_loc     0x00024402       0xa4 drivers/watchdog/built-in.o
 .debug_loc     0x000244a6       0x21 arch/arm/lib/eabi_compat.o

.debug_ranges   0x00000000     0x3c38
 .debug_ranges  0x00000000      0x118 arch/arm/lib/built-in.o
 .debug_ranges  0x00000118      0x280 arch/arm/cpu/armv7/built-in.o
 .debug_ranges  0x00000398      0x3c8 arch/arm/cpu/armv7/am33xx/built-in.o
 .debug_ranges  0x00000760      0x100 board/ti/am335x/built-in.o
 .debug_ranges  0x00000860       0x90 common/spl/built-in.o
 .debug_ranges  0x000008f0      0x4f8 common/built-in.o
 .debug_ranges  0x00000de8      0x2a0 disk/built-in.o
 .debug_ranges  0x00001088      0x408 drivers/i2c/built-in.o
 .debug_ranges  0x00001490       0xa8 drivers/gpio/built-in.o
 .debug_ranges  0x00001538      0x490 drivers/mmc/built-in.o
 .debug_ranges  0x000019c8      0x230 drivers/serial/built-in.o
 .debug_ranges  0x00001bf8      0x3e8 fs/built-in.o
 .debug_ranges  0x00001fe0      0x538 lib/built-in.o
 .debug_ranges  0x00002518       0x38 drivers/power/pmic/built-in.o
 .debug_ranges  0x00002550      0x6f8 drivers/mtd/nand/built-in.o
 .debug_ranges  0x00002c48      0xfb0 drivers/usb/musb-new/built-in.o
 .debug_ranges  0x00003bf8       0x20 drivers/watchdog/built-in.o
 .debug_ranges  0x00003c18       0x20 arch/arm/lib/eabi_compat.o
